2026-04-03 21:53:18,875 [INFO] GPU 1개 감지
2026-04-03 21:53:18,876 [INFO] Mixed precision compatibility check (mixed_float16): OK
Your GPU will likely run quickly with dtype policy mixed_float16 as it has compute capability of at least 7.0. Your GPU: NVIDIA GeForce RTX 4060, compute capability 8.9
2026-04-03 21:53:18,876 [INFO] compute dtype: float16
2026-04-03 21:53:19,222 [INFO] ============================================================
2026-04-03 21:53:19,222 [INFO] STEP 1: Train 데이터 수집
2026-04-03 21:53:19,222 [INFO]   대상: ['ffpp', 'dff', 'hidf']
2026-04-03 21:53:19,223 [INFO] ============================================================
2026-04-03 21:53:21,153 [INFO] [ffpp] real=40,844  fake=30,000  total=70,844
2026-04-03 21:53:21,733 [INFO] [dff] real=0  fake=19,023  total=19,023
2026-04-03 21:53:26,658 [INFO] [hidf] real=74,850  fake=69,138  total=143,988
2026-04-03 21:53:26,692 [INFO] 전체 수집: real=115,694  fake=118,161  total=233,855
2026-04-03 21:53:26,693 [INFO] ============================================================
2026-04-03 21:53:26,693 [INFO] STEP 2: 영상 ID 단위 분할 (leakage 방지)
2026-04-03 21:53:26,693 [INFO] ============================================================
2026-04-03 21:53:28,115 [INFO] [train] real=80,944  fake=82,721  total=163,665
2026-04-03 21:53:28,121 [INFO] [val] real=11,484  fake=12,086  total=23,570
2026-04-03 21:53:28,131 [INFO] [test] real=23,266  fake=23,354  total=46,620
2026-04-03 21:53:28,134 [INFO] ============================================================
2026-04-03 21:53:28,134 [INFO] STEP 3: 클래스 불균형 처리
2026-04-03 21:53:28,134 [INFO] ============================================================
2026-04-03 21:53:28,139 [INFO] fake 언더샘플 불필요
2026-04-03 21:53:28,139 [INFO] ============================================================
2026-04-03 21:53:28,139 [INFO] STEP 4: Test 데이터 수집 (학습 미사용)
2026-04-03 21:53:28,139 [INFO]   대상: ['celebdf', 'redface']
2026-04-03 21:53:28,139 [INFO] ============================================================
2026-04-03 21:53:33,867 [INFO] [celebdf] real=26,391  fake=166,617  total=193,008
2026-04-03 21:53:34,070 [INFO] [redface] real=7,411  fake=0  total=7,411
2026-04-03 21:53:34,098 [INFO] 전체 수집: real=33,802  fake=166,617  total=200,419
2026-04-03 21:53:34,099 [INFO] ============================================================
2026-04-03 21:53:34,099 [INFO] STEP 5: tf.data 파이프라인 빌드
2026-04-03 21:53:34,099 [INFO] ============================================================
2026-04-03 21:53:35,713 [INFO] ============================================================
2026-04-03 21:53:35,713 [INFO] STEP 6: 모델 빌드
2026-04-03 21:53:35,713 [INFO] ============================================================
2026-04-03 21:53:38,873 [INFO] ============================================================
2026-04-03 21:53:38,873 [INFO] STEP 7: 컴파일
2026-04-03 21:53:38,873 [INFO] ============================================================
2026-04-03 21:53:38,887 [INFO] steps_per_epoch=5,114  total_steps=255,700  warmup=15,342
2026-04-03 21:53:38,888 [INFO] ============================================================
2026-04-03 21:53:38,888 [INFO] STEP 8: 학습 시작
2026-04-03 21:53:38,888 [INFO] ============================================================
2026-04-03 22:25:39,666 [INFO] Epoch   1 │ loss=0.1534  auc=0.8481  val_loss=0.4184  val_auc=0.6213  lr=3.33e-04
2026-04-03 23:11:22,889 [INFO] Epoch   2 │ loss=0.0567  auc=0.9546  val_loss=0.3181  val_auc=0.4542  lr=6.67e-04
2026-04-03 23:59:55,990 [INFO] Epoch   3 │ loss=0.0348  auc=0.9599  val_loss=0.1773  val_auc=0.5943  lr=1.00e-03
2026-04-04 00:50:28,430 [INFO] Epoch   4 │ loss=0.0349  auc=0.9627  val_loss=0.3181  val_auc=0.5071  lr=9.99e-04
2026-04-04 01:42:31,200 [INFO] Epoch   5 │ loss=0.0343  auc=0.9640  val_loss=0.4597  val_auc=0.5999  lr=9.96e-04
2026-04-04 02:35:39,066 [INFO] Epoch   6 │ loss=0.0329  auc=0.9666  val_loss=0.4678  val_auc=0.5172  lr=9.90e-04
2026-04-04 03:30:30,830 [INFO] Epoch   7 │ loss=0.0318  auc=0.9677  val_loss=0.5285  val_auc=0.5962  lr=9.82e-04
2026-04-04 04:26:49,006 [INFO] Epoch   8 │ loss=0.0306  auc=0.9690  val_loss=0.4231  val_auc=0.6101  lr=9.72e-04
2026-04-04 05:23:17,797 [INFO] Epoch   9 │ loss=0.0305  auc=0.9689  val_loss=0.4136  val_auc=0.6028  lr=9.60e-04
2026-04-04 05:23:17,806 [INFO] 학습 완료 — 7.5h
2026-04-04 05:23:17,806 [INFO] ============================================================
2026-04-04 05:23:17,806 [INFO] STEP 9: 최종 평가
2026-04-04 05:23:17,806 [INFO] ============================================================
2026-04-04 05:32:35,376 [INFO] ============================================================
2026-04-04 05:32:35,376 [INFO]   [Internal Test (FF++/DFF/HIDF)] 평가 결과
2026-04-04 05:32:35,376 [INFO] ============================================================
2026-04-04 05:32:35,380 [INFO]   AUC-ROC   : 0.6187
2026-04-04 05:32:35,380 [INFO]   Accuracy  : 0.5044
2026-04-04 05:32:35,380 [INFO]   Precision : 0.5027
2026-04-04 05:32:35,381 [INFO]   Recall    : 0.9973
2026-04-04 05:32:35,381 [INFO]   F1-Score  : 0.6685
2026-04-04 05:32:35,381 [INFO]   TP=23,292  TN=224  FP=23,042  FN=62
2026-04-04 05:32:35,381 [INFO] ============================================================
2026-04-04 06:12:48,616 [INFO] ============================================================
2026-04-04 06:12:48,616 [INFO]   [External Test (CelebDF/redface/Eval-2024)] 평가 결과
2026-04-04 06:12:48,616 [INFO] ============================================================
2026-04-04 06:12:48,617 [INFO]   AUC-ROC   : 0.5620
2026-04-04 06:12:48,618 [INFO]   Accuracy  : 0.8280
2026-04-04 06:12:48,618 [INFO]   Precision : 0.8312
2026-04-04 06:12:48,618 [INFO]   Recall    : 0.9952
2026-04-04 06:12:48,618 [INFO]   F1-Score  : 0.9058
2026-04-04 06:12:48,618 [INFO]   TP=165,815  TN=127  FP=33,675  FN=802
2026-04-04 06:12:48,618 [INFO] ============================================================
2026-04-04 06:12:49,307 [INFO] 최종 모델 저장: ./checkpoints\final_model_20260403_215318
