2026-04-05 22:22:23,874 [INFO] GPU 1개 감지
2026-04-05 22:22:23,874 [INFO] Mixed precision compatibility check (mixed_float16): OK
Your GPU will likely run quickly with dtype policy mixed_float16 as it has compute capability of at least 7.0. Your GPU: NVIDIA GeForce RTX 4060, compute capability 8.9
2026-04-05 22:22:23,874 [INFO] compute dtype: float16
2026-04-05 22:22:24,307 [INFO] ============================================================
2026-04-05 22:22:24,308 [INFO] STEP 1: Train 데이터 수집
2026-04-05 22:22:24,308 [INFO]   대상: ['ffpp', 'dff', 'hidf']
2026-04-05 22:22:24,308 [INFO] ============================================================
2026-04-05 22:22:26,156 [INFO] [ffpp] real=40,844  fake=30,000  total=70,844
2026-04-05 22:22:26,643 [INFO] [dff] real=0  fake=19,023  total=19,023
2026-04-05 22:22:30,294 [INFO] [hidf] real=74,850  fake=69,138  total=143,988
2026-04-05 22:22:30,333 [INFO] 전체 수집: real=115,694  fake=118,161  total=233,855
2026-04-05 22:22:30,334 [INFO] ============================================================
2026-04-05 22:22:30,334 [INFO] STEP 2: 영상 ID 단위 분할 (leakage 방지)
2026-04-05 22:22:30,334 [INFO] ============================================================
2026-04-05 22:22:31,765 [INFO] [train] real=80,944  fake=82,721  total=163,665
2026-04-05 22:22:31,769 [INFO] [val] real=11,484  fake=12,086  total=23,570
2026-04-05 22:22:31,778 [INFO] [test] real=23,266  fake=23,354  total=46,620
2026-04-05 22:22:31,781 [INFO] ============================================================
2026-04-05 22:22:31,781 [INFO] STEP 3: 클래스 불균형 처리
2026-04-05 22:22:31,781 [INFO] ============================================================
2026-04-05 22:22:31,795 [INFO] 언더샘플: real=80,944  fake=80,944  (원래 82,721 → 80,944)
2026-04-05 22:22:31,798 [INFO] ============================================================
2026-04-05 22:22:31,798 [INFO] STEP 4: Test 데이터 수집 (학습 미사용)
2026-04-05 22:22:31,798 [INFO]   대상: ['celebdf', 'redface']
2026-04-05 22:22:31,798 [INFO] ============================================================
2026-04-05 22:22:36,615 [INFO] [celebdf] real=26,391  fake=166,617  total=193,008
2026-04-05 22:22:36,769 [INFO] [redface] real=7,411  fake=0  total=7,411
2026-04-05 22:22:36,801 [INFO] 전체 수집: real=33,802  fake=166,617  total=200,419
2026-04-05 22:22:36,801 [INFO] ============================================================
2026-04-05 22:22:36,801 [INFO] STEP 5: tf.data 파이프라인 빌드
2026-04-05 22:22:36,801 [INFO] ============================================================
