2026-04-05 22:23:30,815 [INFO] GPU 1개 감지
2026-04-05 22:23:30,816 [INFO] Mixed precision compatibility check (mixed_float16): OK
Your GPU will likely run quickly with dtype policy mixed_float16 as it has compute capability of at least 7.0. Your GPU: NVIDIA GeForce RTX 4060, compute capability 8.9
2026-04-05 22:23:30,816 [INFO] compute dtype: float16
2026-04-05 22:23:31,161 [INFO] ============================================================
2026-04-05 22:23:31,161 [INFO] STEP 1: Train 데이터 수집
2026-04-05 22:23:31,162 [INFO]   대상: ['ffpp', 'dff', 'hidf']
2026-04-05 22:23:31,162 [INFO] ============================================================
2026-04-05 22:23:32,989 [INFO] [ffpp] real=40,844  fake=30,000  total=70,844
2026-04-05 22:23:33,467 [INFO] [dff] real=0  fake=19,023  total=19,023
2026-04-05 22:23:37,103 [INFO] [hidf] real=74,850  fake=69,138  total=143,988
2026-04-05 22:23:37,136 [INFO] 전체 수집: real=115,694  fake=118,161  total=233,855
2026-04-05 22:23:37,137 [INFO] ============================================================
2026-04-05 22:23:37,137 [INFO] STEP 2: 영상 ID 단위 분할 (leakage 방지)
2026-04-05 22:23:37,137 [INFO] ============================================================
2026-04-05 22:23:38,550 [INFO] [train] real=80,944  fake=82,721  total=163,665
2026-04-05 22:23:38,557 [INFO] [val] real=11,484  fake=12,086  total=23,570
2026-04-05 22:23:38,567 [INFO] [test] real=23,266  fake=23,354  total=46,620
2026-04-05 22:23:38,570 [INFO] ============================================================
2026-04-05 22:23:38,570 [INFO] STEP 3: 클래스 불균형 처리
2026-04-05 22:23:38,570 [INFO] ============================================================
2026-04-05 22:23:38,585 [INFO] 언더샘플: real=80,944  fake=80,944  (원래 82,721 → 80,944)
2026-04-05 22:23:38,588 [INFO] ============================================================
2026-04-05 22:23:38,588 [INFO] STEP 4: Test 데이터 수집 (학습 미사용)
2026-04-05 22:23:38,588 [INFO]   대상: ['celebdf', 'redface']
2026-04-05 22:23:38,588 [INFO] ============================================================
2026-04-05 22:23:43,917 [INFO] [celebdf] real=26,391  fake=166,617  total=193,008
2026-04-05 22:23:44,068 [INFO] [redface] real=7,411  fake=0  total=7,411
2026-04-05 22:23:44,097 [INFO] 전체 수집: real=33,802  fake=166,617  total=200,419
2026-04-05 22:23:44,097 [INFO] ============================================================
2026-04-05 22:23:44,097 [INFO] STEP 5: tf.data 파이프라인 빌드
2026-04-05 22:23:44,097 [INFO] ============================================================
2026-04-05 22:23:45,895 [INFO] ============================================================
2026-04-05 22:23:45,895 [INFO] STEP 6: 모델 빌드
2026-04-05 22:23:45,895 [INFO] ============================================================
2026-04-05 22:23:49,367 [INFO] ============================================================
2026-04-05 22:23:49,367 [INFO] STEP 7: 컴파일
2026-04-05 22:23:49,367 [INFO] ============================================================
2026-04-05 22:23:49,384 [INFO] steps_per_epoch=5,059  total_steps=252,950  warmup=25,295
2026-04-05 22:23:49,384 [INFO] ============================================================
2026-04-05 22:23:49,384 [INFO] STEP 8: 학습 시작
2026-04-05 22:23:49,384 [INFO] ============================================================
