2026-04-08 13:04:19,509 [INFO] CLIP ViT-B/16 사용 가능
2026-04-08 13:04:19,539 [INFO] GPU 1개 감지
2026-04-08 13:04:19,539 [INFO] Mixed precision compatibility check (mixed_float16): OK
Your GPU will likely run quickly with dtype policy mixed_float16 as it has compute capability of at least 7.0. Your GPU: NVIDIA GeForce RTX 4060, compute capability 8.9
2026-04-08 13:04:19,540 [INFO] compute dtype: float16
2026-04-08 13:04:19,898 [INFO] ============================================================
2026-04-08 13:04:19,898 [INFO] STEP 1: Train 데이터 수집
2026-04-08 13:04:23,573 [INFO] [ffpp] real=40,844  fake=56,440
2026-04-08 13:04:25,298 [INFO] [dff] real=8,054  fake=21,749
2026-04-08 13:04:32,789 [INFO] [hidf] real=74,850  fake=120,318
2026-04-08 13:04:32,836 [INFO] 전체: real=123,748  fake=198,507  total=322,255
2026-04-08 13:04:32,837 [INFO] ============================================================
2026-04-08 13:04:32,837 [INFO] STEP 2: 영상 ID 단위 분할
2026-04-08 13:04:34,869 [INFO] [train] real=86,625  fake=138,984  total=225,609
2026-04-08 13:04:34,877 [INFO] [val] real=12,164  fake=19,299  total=31,463
2026-04-08 13:04:34,893 [INFO] [test] real=24,959  fake=40,224  total=65,183
2026-04-08 13:04:34,897 [INFO] ============================================================
2026-04-08 13:04:34,897 [INFO] STEP 3: 클래스 불균형 처리 (Undersample)
2026-04-08 13:04:34,916 [INFO] 언더샘플: real=86,625  fake=86,625
2026-04-08 13:04:34,924 [INFO] ============================================================
2026-04-08 13:04:34,924 [INFO] STEP 4: External Test 데이터 수집
2026-04-08 13:04:45,279 [INFO] [celebdf] real=26,391  fake=184,454
2026-04-08 13:04:46,666 [INFO] [redface] real=7,411  fake=23,486
2026-04-08 13:04:46,704 [INFO] 전체: real=33,802  fake=207,940  total=241,742
2026-04-08 13:04:46,704 [INFO] ============================================================
2026-04-08 13:04:46,704 [INFO] STEP 5: tf.data 파이프라인 빌드
2026-04-08 13:04:48,442 [INFO] ============================================================
2026-04-08 13:04:48,442 [INFO] STEP 6: 모델 빌드 (7-Head + Cross-Attention)
2026-04-08 13:04:55,880 [INFO] Inner model params: 90,457,300
2026-04-08 13:04:55,880 [INFO] ============================================================
2026-04-08 13:04:55,880 [INFO] STEP 7: 컴파일
2026-04-08 13:04:55,882 [INFO] Resume 모드: lr_init 3.00e-04 → 1.50e-05
2026-04-08 13:04:55,887 [INFO] steps/epoch=10,828  total=541,400  warmup=54,140
2026-04-08 13:04:55,887 [INFO] 가중치 로드: ./checkpoints\best_epoch013_valauc0.9134  (best_auc=0.9134)
2026-04-08 13:04:57,484 [INFO] ✅ 가중치 로드 완료
2026-04-08 13:04:57,484 [INFO] Epoch 13부터 재개
2026-04-08 13:04:57,484 [INFO] ============================================================
2026-04-08 13:04:57,484 [INFO] STEP 8: 학습 시작
2026-04-08 13:04:57,493 [INFO] EarlyStopping best 복원: 0.9134
2026-04-08 13:28:50,409 [INFO] Epoch 14 head_weights | rgb=0.551  wav=0.739  lm=1.908  rgb_wav=0.925  rgb_lm=1.230  wav_lm=1.230  all=0.416
2026-04-08 13:28:50,414 [INFO] Epoch  14 │ loss=0.5526  auc=0.8969  val_loss=0.5455  val_auc=0.9139  lr=1.28e-05
2026-04-08 13:52:28,367 [INFO] Epoch 15 head_weights | rgb=0.611  wav=0.680  lm=1.692  rgb_wav=1.043  rgb_lm=1.366  wav_lm=1.139  all=0.470
2026-04-08 13:52:28,368 [INFO] Epoch  15 │ loss=0.5409  auc=0.8993  val_loss=0.5336  val_auc=0.9135  lr=1.25e-05
2026-04-08 14:16:17,715 [INFO] Epoch 16 head_weights | rgb=0.666  wav=0.618  lm=1.492  rgb_wav=1.161  rgb_lm=1.497  wav_lm=1.042  all=0.524
2026-04-08 14:16:17,716 [INFO] Epoch  16 │ loss=0.5304  auc=0.8996  val_loss=0.5285  val_auc=0.9135  lr=1.21e-05
2026-04-08 14:40:14,489 [INFO] Epoch 17 head_weights | rgb=0.717  wav=0.558  lm=1.310  rgb_wav=1.278  rgb_lm=1.618  wav_lm=0.943  all=0.577
2026-04-08 14:40:14,490 [INFO] Epoch  17 │ loss=0.5203  auc=0.9000  val_loss=0.5177  val_auc=0.9136  lr=1.17e-05
