2026-04-15 11:42:08,606 [INFO] CLIP ViT-B/16 사용 가능
2026-04-15 11:42:08,653 [INFO] GPU 1개 감지
2026-04-15 11:42:08,654 [INFO] Mixed precision compatibility check (mixed_float16): OK
Your GPU will likely run quickly with dtype policy mixed_float16 as it has compute capability of at least 7.0. Your GPU: NVIDIA GeForce RTX 4060, compute capability 8.9
2026-04-15 11:42:08,654 [INFO] compute dtype: float16
2026-04-15 11:42:09,024 [INFO] ============================================================
2026-04-15 11:42:09,024 [INFO] STEP 1: Train 데이터 수집
2026-04-15 11:42:12,345 [INFO] [ffpp] real=40,844  fake=56,440
2026-04-15 11:42:13,365 [INFO] [dff] real=8,054  fake=21,749
2026-04-15 11:42:21,766 [INFO] [hidf] real=74,850  fake=120,318
2026-04-15 11:42:21,857 [INFO] 전체: real=123,748  fake=198,507  total=322,255
2026-04-15 11:42:21,859 [INFO] ============================================================
2026-04-15 11:42:21,859 [INFO] STEP 2: 영상 ID 단위 분할
2026-04-15 11:42:24,669 [INFO] [train] real=86,625  fake=138,984  total=225,609
2026-04-15 11:42:24,683 [INFO] [val] real=12,164  fake=19,299  total=31,463
2026-04-15 11:42:24,699 [INFO] [test] real=24,959  fake=40,224  total=65,183
2026-04-15 11:42:24,704 [INFO] ============================================================
2026-04-15 11:42:24,704 [INFO] STEP 3: 클래스 불균형 처리 (Undersample)
2026-04-15 11:42:24,734 [INFO] 언더샘플: real=86,625  fake=86,625
2026-04-15 11:42:24,741 [INFO] ============================================================
2026-04-15 11:42:24,742 [INFO] STEP 4: External Test 데이터 수집
2026-04-15 11:42:32,214 [INFO] [celebdf] real=26,391  fake=184,454
2026-04-15 11:42:32,986 [INFO] [redface] real=7,411  fake=23,486
2026-04-15 11:42:33,023 [INFO] 전체: real=33,802  fake=207,940  total=241,742
2026-04-15 11:42:33,023 [INFO] ============================================================
2026-04-15 11:42:33,023 [INFO] STEP 5: tf.data 파이프라인 빌드
2026-04-15 11:42:35,579 [INFO] ============================================================
2026-04-15 11:42:35,579 [INFO] STEP 6: 모델 빌드 (7-Head + Cross-Attention)
2026-04-15 11:42:42,912 [INFO] Inner model params: 90,415,188
2026-04-15 11:42:42,912 [INFO] ============================================================
2026-04-15 11:42:42,912 [INFO] STEP 7: 컴파일
2026-04-15 11:42:42,918 [INFO] steps/epoch=10,828  total=541,400  warmup=54,140
2026-04-15 11:42:42,918 [INFO] 새 학습 시작
2026-04-15 11:42:42,919 [INFO] ============================================================
2026-04-15 11:42:42,919 [INFO] STEP 8: 학습 시작
2026-04-15 11:42:43,023 [INFO] 🔵 Phase 0: wav/lm 전용 워밍업 시작
