2026-04-15 10:52:19,574 [INFO] CLIP ViT-B/16 사용 가능
2026-04-15 10:52:19,635 [INFO] GPU 1개 감지
2026-04-15 10:52:19,635 [INFO] Mixed precision compatibility check (mixed_float16): OK
Your GPU will likely run quickly with dtype policy mixed_float16 as it has compute capability of at least 7.0. Your GPU: NVIDIA GeForce RTX 4060, compute capability 8.9
2026-04-15 10:52:19,635 [INFO] compute dtype: float16
2026-04-15 10:52:20,044 [INFO] ============================================================
2026-04-15 10:52:20,044 [INFO] STEP 1: Train 데이터 수집
2026-04-15 10:52:25,148 [INFO] [ffpp] real=40,844  fake=56,440
2026-04-15 10:52:27,544 [INFO] [dff] real=8,054  fake=21,749
2026-04-15 10:52:36,613 [INFO] [hidf] real=74,850  fake=120,318
2026-04-15 10:52:36,660 [INFO] 전체: real=123,748  fake=198,507  total=322,255
2026-04-15 10:52:36,661 [INFO] ============================================================
2026-04-15 10:52:36,661 [INFO] STEP 2: 영상 ID 단위 분할
2026-04-15 10:52:38,676 [INFO] [train] real=86,625  fake=138,984  total=225,609
2026-04-15 10:52:38,685 [INFO] [val] real=12,164  fake=19,299  total=31,463
2026-04-15 10:52:38,701 [INFO] [test] real=24,959  fake=40,224  total=65,183
2026-04-15 10:52:38,706 [INFO] ============================================================
2026-04-15 10:52:38,706 [INFO] STEP 3: 클래스 불균형 처리 (Undersample)
2026-04-15 10:52:38,720 [INFO] 언더샘플: real=86,625  fake=86,625
2026-04-15 10:52:38,725 [INFO] ============================================================
2026-04-15 10:52:38,725 [INFO] STEP 4: External Test 데이터 수집
2026-04-15 10:52:44,761 [INFO] [celebdf] real=26,391  fake=184,454
2026-04-15 10:52:45,515 [INFO] [redface] real=7,411  fake=23,486
2026-04-15 10:52:45,551 [INFO] 전체: real=33,802  fake=207,940  total=241,742
2026-04-15 10:52:45,551 [INFO] ============================================================
2026-04-15 10:52:45,551 [INFO] STEP 5: tf.data 파이프라인 빌드
2026-04-15 10:52:47,138 [INFO] ============================================================
2026-04-15 10:52:47,138 [INFO] STEP 6: 모델 빌드 (7-Head + Cross-Attention)
2026-04-15 10:52:54,073 [INFO] Inner model params: 90,415,188
2026-04-15 10:52:54,073 [INFO] ============================================================
2026-04-15 10:52:54,073 [INFO] STEP 7: 컴파일
2026-04-15 10:52:54,074 [INFO] Resume 모드: lr_init 3.00e-04 → 1.50e-05
2026-04-15 10:52:54,078 [INFO] steps/epoch=10,828  total=541,400  warmup=54,140
2026-04-15 10:52:54,078 [INFO] 가중치 로드: ./checkpoints\best_epoch001_valauc0.5202  (best_auc=0.5202)
2026-04-15 10:52:55,712 [INFO] ✅ 가중치 로드 완료
2026-04-15 10:52:55,713 [INFO] Epoch 1부터 재개
2026-04-15 10:52:55,713 [INFO] ============================================================
2026-04-15 10:52:55,713 [INFO] STEP 8: 학습 시작
2026-04-15 10:52:55,728 [INFO] EarlyStopping best 복원: 0.5202
2026-04-15 11:15:09,850 [INFO]   현재 Phase: 0
2026-04-15 11:15:09,859 [INFO] log_var | rgb=+0.000  wav=+0.000  lm=+0.000  rgb_wav=+0.000  rgb_lm=+0.000  wav_lm=+0.000  all=+0.000
2026-04-15 11:15:09,859 [INFO] eff_w   | rgb=1.000  wav=1.000  lm=1.000  rgb_wav=1.000  rgb_lm=1.000  wav_lm=1.000  all=1.000
2026-04-15 11:15:09,863 [INFO] Epoch   2 │ loss=0.7641  auc=0.5051  val_loss=0.7613  val_auc=0.5190  lr=1.50e-05
2026-04-15 11:37:03,557 [INFO]   현재 Phase: 0
2026-04-15 11:37:03,558 [INFO] log_var | rgb=+0.000  wav=+0.000  lm=+0.000  rgb_wav=+0.000  rgb_lm=+0.000  wav_lm=+0.000  all=+0.000
2026-04-15 11:37:03,558 [INFO] eff_w   | rgb=1.000  wav=1.000  lm=1.000  rgb_wav=1.000  rgb_lm=1.000  wav_lm=1.000  all=1.000
2026-04-15 11:37:03,559 [INFO] Epoch   3 │ loss=0.7624  auc=0.5061  val_loss=0.7596  val_auc=0.5189  lr=1.50e-05
