2026-04-10 18:07:13,054 [INFO] CLIP ViT-B/16 사용 가능
2026-04-10 18:07:13,083 [INFO] GPU 1개 감지
2026-04-10 18:07:13,083 [INFO] Mixed precision compatibility check (mixed_float16): OK
Your GPU will likely run quickly with dtype policy mixed_float16 as it has compute capability of at least 7.0. Your GPU: NVIDIA GeForce RTX 4060, compute capability 8.9
2026-04-10 18:07:13,083 [INFO] compute dtype: float16
2026-04-10 18:07:13,509 [INFO] ============================================================
2026-04-10 18:07:13,509 [INFO] STEP 1: Train 데이터 수집
2026-04-10 18:07:16,951 [INFO] [ffpp] real=40,844  fake=56,440
2026-04-10 18:07:17,978 [INFO] [dff] real=8,054  fake=21,749
2026-04-10 18:07:26,292 [INFO] [hidf] real=74,850  fake=120,318
2026-04-10 18:07:26,360 [INFO] 전체: real=123,748  fake=198,507  total=322,255
2026-04-10 18:07:26,361 [INFO] ============================================================
2026-04-10 18:07:26,361 [INFO] STEP 2: 영상 ID 단위 분할
2026-04-10 18:07:29,269 [INFO] [train] real=86,625  fake=138,984  total=225,609
2026-04-10 18:07:29,285 [INFO] [val] real=12,164  fake=19,299  total=31,463
2026-04-10 18:07:29,316 [INFO] [test] real=24,959  fake=40,224  total=65,183
2026-04-10 18:07:29,322 [INFO] ============================================================
2026-04-10 18:07:29,323 [INFO] STEP 3: 클래스 불균형 처리 (Undersample)
2026-04-10 18:07:29,354 [INFO] 언더샘플: real=86,625  fake=86,625
2026-04-10 18:07:29,364 [INFO] ============================================================
2026-04-10 18:07:29,365 [INFO] STEP 4: External Test 데이터 수집
2026-04-10 18:07:36,092 [INFO] [celebdf] real=26,391  fake=184,454
2026-04-10 18:07:36,877 [INFO] [redface] real=7,411  fake=23,486
2026-04-10 18:07:36,913 [INFO] 전체: real=33,802  fake=207,940  total=241,742
2026-04-10 18:07:36,913 [INFO] ============================================================
2026-04-10 18:07:36,913 [INFO] STEP 5: tf.data 파이프라인 빌드
2026-04-10 18:07:38,503 [INFO] ============================================================
2026-04-10 18:07:38,503 [INFO] STEP 6: 모델 빌드 (7-Head + Cross-Attention)
2026-04-10 18:07:46,464 [INFO] Inner model params: 90,415,188
2026-04-10 18:07:46,464 [INFO] ============================================================
2026-04-10 18:07:46,464 [INFO] STEP 7: 컴파일
2026-04-10 18:07:46,465 [INFO] Resume 모드: lr_init 3.00e-04 → 1.50e-05
2026-04-10 18:07:46,470 [INFO] steps/epoch=10,828  total=541,400  warmup=54,140
2026-04-10 18:07:46,471 [INFO] 가중치 로드: ./checkpoints\best_epoch015_valauc0.9135  (best_auc=0.9135)
2026-04-10 18:07:48,000 [INFO] ✅ 가중치 로드 완료
2026-04-10 18:07:48,000 [INFO] Epoch 15부터 재개
2026-04-10 18:07:48,000 [INFO] ============================================================
2026-04-10 18:07:48,000 [INFO] STEP 8: 학습 시작
2026-04-10 18:07:48,008 [INFO] EarlyStopping best 복원: 0.9135
