2026-04-07 13:25:46,601 [INFO] CLIP ViT-B/16 사용 가능
2026-04-07 13:25:46,643 [INFO] GPU 1개 감지
2026-04-07 13:25:46,643 [INFO] Mixed precision compatibility check (mixed_float16): OK
Your GPU will likely run quickly with dtype policy mixed_float16 as it has compute capability of at least 7.0. Your GPU: NVIDIA GeForce RTX 4060, compute capability 8.9
2026-04-07 13:25:46,643 [INFO] compute dtype: float16
2026-04-07 13:25:47,014 [INFO] ============================================================
2026-04-07 13:25:47,014 [INFO] STEP 1: Train 데이터 수집
2026-04-07 13:25:49,924 [INFO] [ffpp] real=40,844  fake=50,236
2026-04-07 13:25:50,946 [INFO] [dff] real=8,054  fake=21,749
2026-04-07 13:25:56,167 [INFO] [hidf] real=74,850  fake=107,042
2026-04-07 13:25:56,214 [INFO] 전체: real=123,748  fake=179,027  total=302,775
2026-04-07 13:25:56,215 [INFO] ============================================================
2026-04-07 13:25:56,215 [INFO] STEP 2: 영상 ID 단위 분할
2026-04-07 13:25:58,123 [INFO] [train] real=85,769  fake=125,477  total=211,246
2026-04-07 13:25:58,133 [INFO] [val] real=12,955  fake=17,441  total=30,396
2026-04-07 13:25:58,148 [INFO] [test] real=25,024  fake=36,109  total=61,133
2026-04-07 13:25:58,152 [INFO] ============================================================
2026-04-07 13:25:58,153 [INFO] STEP 3: 클래스 불균형 처리 (Undersample)
2026-04-07 13:25:58,169 [INFO] 언더샘플: real=85,769  fake=85,769
2026-04-07 13:25:58,178 [INFO] ============================================================
2026-04-07 13:25:58,178 [INFO] STEP 4: External Test 데이터 수집
