2026-04-07 13:26:19,690 [INFO] CLIP ViT-B/16 사용 가능
2026-04-07 13:26:19,868 [INFO] GPU 1개 감지
2026-04-07 13:26:19,868 [INFO] Mixed precision compatibility check (mixed_float16): OK
Your GPU will likely run quickly with dtype policy mixed_float16 as it has compute capability of at least 7.0. Your GPU: NVIDIA GeForce RTX 4060, compute capability 8.9
2026-04-07 13:26:19,868 [INFO] compute dtype: float16
2026-04-07 13:26:20,463 [INFO] ============================================================
2026-04-07 13:26:20,463 [INFO] STEP 1: Train 데이터 수집
2026-04-07 13:26:23,304 [INFO] [ffpp] real=40,844  fake=50,236
2026-04-07 13:26:24,322 [INFO] [dff] real=8,054  fake=21,749
2026-04-07 13:26:29,479 [INFO] [hidf] real=74,850  fake=107,042
2026-04-07 13:26:29,528 [INFO] 전체: real=123,748  fake=179,027  total=302,775
2026-04-07 13:26:29,529 [INFO] ============================================================
2026-04-07 13:26:29,529 [INFO] STEP 2: 영상 ID 단위 분할
2026-04-07 13:26:31,422 [INFO] [train] real=85,769  fake=125,477  total=211,246
2026-04-07 13:26:31,432 [INFO] [val] real=12,955  fake=17,441  total=30,396
2026-04-07 13:26:31,447 [INFO] [test] real=25,024  fake=36,109  total=61,133
2026-04-07 13:26:31,451 [INFO] ============================================================
2026-04-07 13:26:31,451 [INFO] STEP 3: 클래스 불균형 처리 (Undersample)
2026-04-07 13:26:31,465 [INFO] 언더샘플: real=85,769  fake=85,769
2026-04-07 13:26:31,473 [INFO] ============================================================
2026-04-07 13:26:31,473 [INFO] STEP 4: External Test 데이터 수집
2026-04-07 13:26:38,395 [INFO] [celebdf] real=26,391  fake=181,219
2026-04-07 13:26:39,175 [INFO] [redface] real=7,411  fake=21,670
2026-04-07 13:26:39,214 [INFO] 전체: real=33,802  fake=202,889  total=236,691
2026-04-07 13:26:39,214 [INFO] ============================================================
2026-04-07 13:26:39,214 [INFO] STEP 5: tf.data 파이프라인 빌드
2026-04-07 13:26:41,008 [INFO] ============================================================
2026-04-07 13:26:41,008 [INFO] STEP 6: 모델 빌드 (7-Head + Cross-Attention)
2026-04-07 13:26:47,927 [INFO] Inner model params: 90,457,300
2026-04-07 13:26:47,927 [INFO] ============================================================
2026-04-07 13:26:47,927 [INFO] STEP 7: 컴파일
2026-04-07 13:26:47,932 [INFO] steps/epoch=10,721  total=536,050  warmup=53,605
2026-04-07 13:26:47,932 [INFO] 새 학습 시작
2026-04-07 13:26:47,932 [INFO] ============================================================
2026-04-07 13:26:47,932 [INFO] STEP 8: 학습 시작
