2026-04-10 18:11:59,296 [INFO] CLIP ViT-B/16 사용 가능
2026-04-10 18:11:59,323 [INFO] GPU 1개 감지
2026-04-10 18:11:59,323 [INFO] Mixed precision compatibility check (mixed_float16): OK
Your GPU will likely run quickly with dtype policy mixed_float16 as it has compute capability of at least 7.0. Your GPU: NVIDIA GeForce RTX 4060, compute capability 8.9
2026-04-10 18:11:59,323 [INFO] compute dtype: float16
2026-04-10 18:11:59,682 [INFO] ============================================================
2026-04-10 18:11:59,683 [INFO] STEP 1: Train 데이터 수집
2026-04-10 18:12:03,039 [INFO] [ffpp] real=40,844  fake=56,440
2026-04-10 18:12:04,080 [INFO] [dff] real=8,054  fake=21,749
2026-04-10 18:12:10,651 [INFO] [hidf] real=74,850  fake=120,318
2026-04-10 18:12:10,702 [INFO] 전체: real=123,748  fake=198,507  total=322,255
2026-04-10 18:12:10,703 [INFO] ============================================================
2026-04-10 18:12:10,703 [INFO] STEP 2: 영상 ID 단위 분할
2026-04-10 18:12:12,692 [INFO] [train] real=86,625  fake=138,984  total=225,609
2026-04-10 18:12:12,701 [INFO] [val] real=12,164  fake=19,299  total=31,463
2026-04-10 18:12:12,717 [INFO] [test] real=24,959  fake=40,224  total=65,183
2026-04-10 18:12:12,722 [INFO] ============================================================
2026-04-10 18:12:12,722 [INFO] STEP 3: 클래스 불균형 처리 (Undersample)
2026-04-10 18:12:12,737 [INFO] 언더샘플: real=86,625  fake=86,625
2026-04-10 18:12:12,744 [INFO] ============================================================
2026-04-10 18:12:12,744 [INFO] STEP 4: External Test 데이터 수집
2026-04-10 18:12:20,582 [INFO] [celebdf] real=26,391  fake=184,454
2026-04-10 18:12:21,587 [INFO] [redface] real=7,411  fake=23,486
2026-04-10 18:12:21,643 [INFO] 전체: real=33,802  fake=207,940  total=241,742
2026-04-10 18:12:21,643 [INFO] ============================================================
2026-04-10 18:12:21,643 [INFO] STEP 5: tf.data 파이프라인 빌드
2026-04-10 18:12:23,637 [INFO] ============================================================
2026-04-10 18:12:23,637 [INFO] STEP 6: 모델 빌드 (7-Head + Cross-Attention)
2026-04-10 18:12:30,490 [INFO] Inner model params: 90,415,188
2026-04-10 18:12:30,490 [INFO] ============================================================
2026-04-10 18:12:30,490 [INFO] STEP 7: 컴파일
2026-04-10 18:12:30,497 [INFO] steps/epoch=10,828  total=541,400  warmup=54,140
2026-04-10 18:12:30,497 [INFO] 새 학습 시작
2026-04-10 18:12:30,497 [INFO] ============================================================
2026-04-10 18:12:30,497 [INFO] STEP 8: 학습 시작
2026-04-10 18:12:30,605 [INFO] 🔵 Phase 0: wav/lm 전용 워밍업 시작
2026-04-10 18:34:38,575 [INFO]   현재 Phase: 0
