2026-04-08 13:01:29,380 [INFO] CLIP ViT-B/16 사용 가능
2026-04-08 13:01:29,406 [INFO] GPU 1개 감지
2026-04-08 13:01:29,406 [INFO] Mixed precision compatibility check (mixed_float16): OK
Your GPU will likely run quickly with dtype policy mixed_float16 as it has compute capability of at least 7.0. Your GPU: NVIDIA GeForce RTX 4060, compute capability 8.9
2026-04-08 13:01:29,406 [INFO] compute dtype: float16
2026-04-08 13:01:29,780 [INFO] ============================================================
2026-04-08 13:01:29,780 [INFO] STEP 1: Train 데이터 수집
2026-04-08 13:01:33,339 [INFO] [ffpp] real=40,844  fake=56,440
2026-04-08 13:01:34,399 [INFO] [dff] real=8,054  fake=21,749
2026-04-08 13:01:43,485 [INFO] [hidf] real=74,850  fake=120,318
2026-04-08 13:01:43,559 [INFO] 전체: real=123,748  fake=198,507  total=322,255
2026-04-08 13:01:43,560 [INFO] ============================================================
2026-04-08 13:01:43,560 [INFO] STEP 2: 영상 ID 단위 분할
2026-04-08 13:01:46,393 [INFO] [train] real=86,625  fake=138,984  total=225,609
2026-04-08 13:01:46,406 [INFO] [val] real=12,164  fake=19,299  total=31,463
2026-04-08 13:01:46,487 [INFO] [test] real=24,959  fake=40,224  total=65,183
2026-04-08 13:01:46,502 [INFO] ============================================================
2026-04-08 13:01:46,502 [INFO] STEP 3: 클래스 불균형 처리 (Undersample)
2026-04-08 13:01:46,596 [INFO] 언더샘플: real=86,625  fake=86,625
2026-04-08 13:01:46,769 [INFO] ============================================================
2026-04-08 13:01:46,769 [INFO] STEP 4: External Test 데이터 수집
2026-04-08 13:02:02,252 [INFO] [celebdf] real=26,391  fake=184,454
2026-04-08 13:02:05,069 [INFO] [redface] real=7,411  fake=23,486
2026-04-08 13:02:05,134 [INFO] 전체: real=33,802  fake=207,940  total=241,742
2026-04-08 13:02:05,135 [INFO] ============================================================
2026-04-08 13:02:05,135 [INFO] STEP 5: tf.data 파이프라인 빌드
2026-04-08 13:02:07,526 [INFO] ============================================================
2026-04-08 13:02:07,526 [INFO] STEP 6: 모델 빌드 (7-Head + Cross-Attention)
2026-04-08 13:02:16,876 [INFO] Inner model params: 90,457,300
2026-04-08 13:02:16,876 [INFO] ============================================================
2026-04-08 13:02:16,876 [INFO] STEP 7: 컴파일
2026-04-08 13:02:16,877 [INFO] Resume 모드: lr_init 3.00e-04 → 1.50e-05
2026-04-08 13:02:16,884 [INFO] steps/epoch=10,828  total=541,400  warmup=54,140
2026-04-08 13:02:16,884 [INFO] 가중치 로드: ./checkpoints\best_epoch013_valauc0.9134  (best_auc=0.9134)
2026-04-08 13:02:18,595 [INFO] ✅ 가중치 로드 완료
2026-04-08 13:02:18,595 [INFO] Epoch 13부터 재개
2026-04-08 13:02:18,595 [INFO] ============================================================
2026-04-08 13:02:18,595 [INFO] STEP 8: 학습 시작
2026-04-08 13:02:18,620 [INFO] EarlyStopping best 복원: 0.9134
