2026-04-09 18:18:55,261 [INFO] CLIP ViT-B/16 사용 가능
2026-04-09 18:18:55,291 [INFO] GPU 1개 감지
2026-04-09 18:18:55,291 [INFO] Mixed precision compatibility check (mixed_float16): OK
Your GPU will likely run quickly with dtype policy mixed_float16 as it has compute capability of at least 7.0. Your GPU: NVIDIA GeForce RTX 4060, compute capability 8.9
2026-04-09 18:18:55,291 [INFO] compute dtype: float16
2026-04-09 18:18:55,723 [INFO] ============================================================
2026-04-09 18:18:55,723 [INFO] STEP 1: Train 데이터 수집
2026-04-09 18:18:58,972 [INFO] [ffpp] real=40,844  fake=56,440
2026-04-09 18:18:59,936 [INFO] [dff] real=8,054  fake=21,749
2026-04-09 18:19:08,162 [INFO] [hidf] real=74,850  fake=120,318
2026-04-09 18:19:08,259 [INFO] 전체: real=123,748  fake=198,507  total=322,255
2026-04-09 18:19:08,260 [INFO] ============================================================
2026-04-09 18:19:08,260 [INFO] STEP 2: 영상 ID 단위 분할
2026-04-09 18:19:10,966 [INFO] [train] real=86,625  fake=138,984  total=225,609
2026-04-09 18:19:10,976 [INFO] [val] real=12,164  fake=19,299  total=31,463
2026-04-09 18:19:10,991 [INFO] [test] real=24,959  fake=40,224  total=65,183
2026-04-09 18:19:10,996 [INFO] ============================================================
2026-04-09 18:19:10,996 [INFO] STEP 3: 클래스 불균형 처리 (Undersample)
2026-04-09 18:19:11,014 [INFO] 언더샘플: real=86,625  fake=86,625
2026-04-09 18:19:11,023 [INFO] ============================================================
2026-04-09 18:19:11,023 [INFO] STEP 4: External Test 데이터 수집
2026-04-09 18:19:17,787 [INFO] [celebdf] real=26,391  fake=184,454
2026-04-09 18:19:19,039 [INFO] [redface] real=7,411  fake=23,486
2026-04-09 18:19:19,076 [INFO] 전체: real=33,802  fake=207,940  total=241,742
2026-04-09 18:19:19,077 [INFO] ============================================================
2026-04-09 18:19:19,077 [INFO] STEP 5: tf.data 파이프라인 빌드
2026-04-09 18:19:21,237 [INFO] ============================================================
2026-04-09 18:19:21,237 [INFO] STEP 6: 모델 빌드 (7-Head + Cross-Attention)
2026-04-09 18:19:28,964 [INFO] Inner model params: 90,415,188
2026-04-09 18:19:28,964 [INFO] ============================================================
2026-04-09 18:19:28,964 [INFO] STEP 7: 컴파일
2026-04-09 18:19:28,964 [INFO] Resume 모드: lr_init 3.00e-04 → 1.50e-05
2026-04-09 18:19:28,969 [INFO] steps/epoch=10,828  total=541,400  warmup=54,140
2026-04-09 18:19:28,969 [INFO] 가중치 로드: ./checkpoints\best_epoch006_valauc0.9095  (best_auc=0.9095)
2026-04-09 18:19:30,497 [INFO] ✅ 가중치 로드 완료
2026-04-09 18:19:30,497 [INFO] Epoch 6부터 재개
2026-04-09 18:19:30,497 [INFO] ============================================================
2026-04-09 18:19:30,497 [INFO] STEP 8: 학습 시작
2026-04-09 18:19:30,505 [INFO] EarlyStopping best 복원: 0.9095
2026-04-09 18:41:47,267 [INFO] Epoch 7 head_weights | rgb=1.000  wav=1.000  lm=1.000  rgb_wav=1.000  rgb_lm=1.000  wav_lm=1.000  all=1.000
2026-04-09 18:41:47,270 [INFO] Epoch   7 │ loss=0.5671  auc=0.8610  val_loss=0.5442  val_auc=0.9130  lr=1.46e-05
2026-04-09 19:03:35,355 [INFO] Epoch 8 head_weights | rgb=1.000  wav=1.000  lm=1.000  rgb_wav=1.000  rgb_lm=1.000  wav_lm=1.000  all=1.000
2026-04-09 19:03:35,356 [INFO] Epoch   8 │ loss=0.5643  auc=0.8638  val_loss=0.5434  val_auc=0.9115  lr=1.44e-05
2026-04-09 19:03:35,404 [INFO] Epoch 8: backbone unfreeze | lr 1.44e-05 → 1.44e-07 
2026-04-09 19:25:21,811 [INFO] Epoch 9 head_weights | rgb=1.000  wav=0.999  lm=0.999  rgb_wav=1.000  rgb_lm=1.000  wav_lm=0.999  all=1.000
2026-04-09 19:25:21,812 [INFO] Epoch   9 │ loss=0.5634  auc=0.8649  val_loss=0.5362  val_auc=0.9124  lr=1.41e-07
2026-04-09 19:47:15,558 [INFO] Epoch 10 head_weights | rgb=1.001  wav=0.999  lm=0.999  rgb_wav=1.001  rgb_lm=1.001  wav_lm=0.999  all=1.001
2026-04-09 19:47:15,559 [INFO] Epoch  10 │ loss=0.5613  auc=0.8674  val_loss=0.5459  val_auc=0.9135  lr=1.40e-07
2026-04-09 20:09:01,313 [INFO] Epoch 11 head_weights | rgb=1.001  wav=0.999  lm=0.999  rgb_wav=1.001  rgb_lm=1.001  wav_lm=0.999  all=1.001
2026-04-09 20:09:01,314 [INFO] Epoch  11 │ loss=0.5606  auc=0.8680  val_loss=0.5381  val_auc=0.9134  lr=1.39e-07
2026-04-09 20:30:48,200 [INFO] Epoch 12 head_weights | rgb=1.001  wav=0.999  lm=0.999  rgb_wav=1.001  rgb_lm=1.001  wav_lm=0.999  all=1.001
2026-04-09 20:30:48,201 [INFO] Epoch  12 │ loss=0.5590  auc=0.8693  val_loss=0.5377  val_auc=0.9127  lr=1.38e-07
2026-04-09 20:52:35,144 [INFO] Epoch 13 head_weights | rgb=1.001  wav=0.999  lm=0.999  rgb_wav=1.001  rgb_lm=1.001  wav_lm=0.999  all=1.001
2026-04-09 20:52:35,144 [INFO] Epoch  13 │ loss=0.5612  auc=0.8675  val_loss=0.5527  val_auc=0.9117  lr=1.37e-07
2026-04-09 21:14:21,409 [INFO] Epoch 14 head_weights | rgb=1.001  wav=0.998  lm=0.998  rgb_wav=1.001  rgb_lm=1.001  wav_lm=0.998  all=1.001
2026-04-09 21:14:21,410 [INFO] Epoch  14 │ loss=0.5603  auc=0.8686  val_loss=0.5408  val_auc=0.9125  lr=1.35e-07
2026-04-09 21:36:10,751 [INFO] Epoch 15 head_weights | rgb=1.001  wav=0.998  lm=0.998  rgb_wav=1.001  rgb_lm=1.001  wav_lm=0.998  all=1.001
2026-04-09 21:36:10,752 [INFO] Epoch  15 │ loss=0.5602  auc=0.8693  val_loss=0.5462  val_auc=0.9135  lr=1.34e-07
2026-04-09 21:57:58,140 [INFO] Epoch 16 head_weights | rgb=1.002  wav=0.998  lm=0.998  rgb_wav=1.002  rgb_lm=1.002  wav_lm=0.998  all=1.002
2026-04-09 21:57:58,141 [INFO] Epoch  16 │ loss=0.5603  auc=0.8688  val_loss=0.5315  val_auc=0.9123  lr=1.32e-07
2026-04-09 22:19:47,077 [INFO] Epoch 17 head_weights | rgb=1.002  wav=0.998  lm=0.998  rgb_wav=1.002  rgb_lm=1.002  wav_lm=0.998  all=1.002
2026-04-09 22:19:47,078 [INFO] Epoch  17 │ loss=0.5596  auc=0.8704  val_loss=0.5338  val_auc=0.9118  lr=1.31e-07
2026-04-09 22:41:35,316 [INFO] Epoch 18 head_weights | rgb=1.002  wav=0.997  lm=0.997  rgb_wav=1.002  rgb_lm=1.002  wav_lm=0.997  all=1.002
2026-04-09 22:41:35,316 [INFO] Epoch  18 │ loss=0.5599  auc=0.8696  val_loss=0.5520  val_auc=0.9098  lr=1.29e-07
2026-04-09 23:03:22,969 [INFO] Epoch 19 head_weights | rgb=1.002  wav=0.997  lm=0.997  rgb_wav=1.002  rgb_lm=1.002  wav_lm=0.997  all=1.002
2026-04-09 23:03:22,970 [INFO] Epoch  19 │ loss=0.5595  auc=0.8709  val_loss=0.5491  val_auc=0.9107  lr=1.27e-07
2026-04-09 23:25:11,560 [INFO] Epoch 20 head_weights | rgb=1.002  wav=0.997  lm=0.997  rgb_wav=1.003  rgb_lm=1.003  wav_lm=0.997  all=1.003
2026-04-09 23:25:11,561 [INFO] Epoch  20 │ loss=0.5599  auc=0.8711  val_loss=0.5371  val_auc=0.9103  lr=1.26e-07
2026-04-09 23:46:59,257 [INFO] Epoch 21 head_weights | rgb=1.002  wav=0.996  lm=0.996  rgb_wav=1.003  rgb_lm=1.003  wav_lm=0.996  all=1.003
2026-04-09 23:46:59,258 [INFO] Epoch  21 │ loss=0.5612  auc=0.8701  val_loss=0.5545  val_auc=0.9078  lr=1.24e-07
2026-04-10 00:08:49,054 [INFO] Epoch 22 head_weights | rgb=1.003  wav=0.996  lm=0.996  rgb_wav=1.003  rgb_lm=1.003  wav_lm=0.996  all=1.003
2026-04-10 00:08:49,055 [INFO] Epoch  22 │ loss=0.5594  auc=0.8723  val_loss=0.5444  val_auc=0.9085  lr=1.22e-07
2026-04-10 00:30:35,900 [INFO] Epoch 23 head_weights | rgb=1.003  wav=0.996  lm=0.996  rgb_wav=1.003  rgb_lm=1.004  wav_lm=0.996  all=1.004
2026-04-10 00:30:35,901 [INFO] Epoch  23 │ loss=0.5597  auc=0.8719  val_loss=0.5531  val_auc=0.9079  lr=1.20e-07
2026-04-10 00:52:24,235 [INFO] Epoch 24 head_weights | rgb=1.003  wav=0.995  lm=0.995  rgb_wav=1.004  rgb_lm=1.004  wav_lm=0.995  all=1.004
2026-04-10 00:52:24,236 [INFO] Epoch  24 │ loss=0.5580  auc=0.8739  val_loss=0.5503  val_auc=0.9080  lr=1.19e-07
2026-04-10 01:14:14,515 [INFO] Epoch 25 head_weights | rgb=1.003  wav=0.995  lm=0.995  rgb_wav=1.004  rgb_lm=1.004  wav_lm=0.995  all=1.004
2026-04-10 01:14:14,516 [INFO] Epoch  25 │ loss=0.5572  auc=0.8751  val_loss=0.5474  val_auc=0.9092  lr=1.17e-07
2026-04-10 01:36:05,656 [INFO] Epoch 26 head_weights | rgb=1.003  wav=0.994  lm=0.994  rgb_wav=1.004  rgb_lm=1.004  wav_lm=0.994  all=1.005
2026-04-10 01:36:05,657 [INFO] Epoch  26 │ loss=0.5558  auc=0.8767  val_loss=0.5413  val_auc=0.9086  lr=1.15e-07
2026-04-10 01:57:53,703 [INFO] Epoch 27 head_weights | rgb=1.004  wav=0.994  lm=0.994  rgb_wav=1.005  rgb_lm=1.005  wav_lm=0.994  all=1.005
2026-04-10 01:57:53,704 [INFO] Epoch  27 │ loss=0.5565  auc=0.8760  val_loss=0.5502  val_auc=0.9086  lr=1.14e-07
2026-04-10 02:19:44,614 [INFO] Epoch 28 head_weights | rgb=1.004  wav=0.994  lm=0.994  rgb_wav=1.005  rgb_lm=1.005  wav_lm=0.994  all=1.005
2026-04-10 02:19:44,615 [INFO] Epoch  28 │ loss=0.5549  auc=0.8779  val_loss=0.5415  val_auc=0.9104  lr=1.12e-07
2026-04-10 02:41:32,723 [INFO] Epoch 29 head_weights | rgb=1.004  wav=0.993  lm=0.993  rgb_wav=1.005  rgb_lm=1.005  wav_lm=0.993  all=1.006
2026-04-10 02:41:32,723 [INFO] Epoch  29 │ loss=0.5553  auc=0.8778  val_loss=0.5506  val_auc=0.9094  lr=1.11e-07
2026-04-10 03:03:20,620 [INFO] Epoch 30 head_weights | rgb=1.004  wav=0.993  lm=0.993  rgb_wav=1.006  rgb_lm=1.006  wav_lm=0.993  all=1.006
2026-04-10 03:03:20,621 [INFO] Epoch  30 │ loss=0.5548  auc=0.8778  val_loss=0.5499  val_auc=0.9086  lr=1.09e-07
2026-04-10 03:25:10,823 [INFO] Epoch 31 head_weights | rgb=1.004  wav=0.993  lm=0.993  rgb_wav=1.006  rgb_lm=1.006  wav_lm=0.993  all=1.006
2026-04-10 03:25:10,823 [INFO] Epoch  31 │ loss=0.5545  auc=0.8787  val_loss=0.5514  val_auc=0.9091  lr=1.08e-07
2026-04-10 03:46:59,988 [INFO] Epoch 32 head_weights | rgb=1.000  wav=1.000  lm=1.000  rgb_wav=1.000  rgb_lm=1.000  wav_lm=1.000  all=1.000
2026-04-10 03:46:59,989 [INFO] Epoch  32 │ loss=0.5546  auc=0.8782  val_loss=0.5438  val_auc=0.9107  lr=1.06e-07
2026-04-10 03:47:00,010 [INFO] 학습 완료 — 9.46h
2026-04-10 03:47:00,010 [INFO] ============================================================
2026-04-10 03:47:00,010 [INFO] STEP 9: 최종 평가
2026-04-10 05:26:33,924 [INFO] 
==============================================================
2026-04-10 05:26:33,924 [INFO]   [Internal (FF++/DFF/HIDF)]  Ablation Table  (TTA x8)
2026-04-10 05:26:33,924 [INFO] ==============================================================
2026-04-10 05:26:33,924 [INFO]   Head             AUC      F1     ACC    Thr
2026-04-10 05:26:33,924 [INFO]   ----------------------------------------------
2026-04-10 05:26:33,943 [INFO]   rgb           0.9087  0.8631  0.8206  0.35
2026-04-10 05:26:33,953 [INFO]   wav           0.5489  0.7632  0.6171  0.10
2026-04-10 05:26:33,963 [INFO]   lm            0.5488  0.7632  0.6171  0.10
2026-04-10 05:26:33,972 [INFO]   rgb_wav       0.9087  0.8636  0.8201  0.35
2026-04-10 05:26:33,980 [INFO]   rgb_lm        0.9093  0.8636  0.8207  0.35
2026-04-10 05:26:33,988 [INFO]   wav_lm        0.5597  0.7632  0.6171  0.10
2026-04-10 05:26:33,996 [INFO]   all           0.9094  0.8640  0.8213  0.35  ★ MAIN
2026-04-10 05:26:34,004 [INFO]   aux_lf        0.5505  0.7632  0.6171  0.10  (aux)
2026-04-10 05:26:34,012 [INFO]   aux_hf        0.5508  0.7632  0.6171  0.10  (aux)
2026-04-10 05:26:34,012 [INFO] ==============================================================
2026-04-10 05:26:40,211 [INFO] [celebdf] real=26,391  fake=184,454
2026-04-10 05:26:40,245 [INFO] 전체: real=26,391  fake=184,454  total=210,845
2026-04-10 10:49:31,227 [INFO] 
==============================================================
2026-04-10 10:49:31,227 [INFO]   [External [celebdf]]  Ablation Table  (TTA x8)
2026-04-10 10:49:31,227 [INFO] ==============================================================
2026-04-10 10:49:31,227 [INFO]   Head             AUC      F1     ACC    Thr
2026-04-10 10:49:31,227 [INFO]   ----------------------------------------------
2026-04-10 10:49:31,244 [INFO]   rgb           0.6954  0.9344  0.8774  0.20
2026-04-10 10:49:31,259 [INFO]   wav           0.5505  0.9332  0.8748  0.10
2026-04-10 10:49:31,275 [INFO]   lm            0.5489  0.9332  0.8748  0.10
2026-04-10 10:49:31,291 [INFO]   rgb_wav       0.6964  0.9347  0.8780  0.20
2026-04-10 10:49:31,307 [INFO]   rgb_lm        0.6952  0.9345  0.8776  0.20
2026-04-10 10:49:31,324 [INFO]   wav_lm        0.5607  0.9332  0.8748  0.10
2026-04-10 10:49:31,339 [INFO]   all           0.6962  0.9347  0.8779  0.20  ★ MAIN
2026-04-10 10:49:31,354 [INFO]   aux_lf        0.5534  0.9332  0.8748  0.10  (aux)
2026-04-10 10:49:31,370 [INFO]   aux_hf        0.5531  0.9332  0.8748  0.10  (aux)
2026-04-10 10:49:31,370 [INFO] ==============================================================
2026-04-10 10:49:32,503 [INFO] [redface] real=7,411  fake=23,486
2026-04-10 10:49:32,507 [INFO] 전체: real=7,411  fake=23,486  total=30,897
2026-04-10 11:36:59,716 [INFO] 
==============================================================
2026-04-10 11:36:59,716 [INFO]   [External [redface]]  Ablation Table  (TTA x8)
2026-04-10 11:36:59,716 [INFO] ==============================================================
2026-04-10 11:36:59,716 [INFO]   Head             AUC      F1     ACC    Thr
2026-04-10 11:36:59,716 [INFO]   ----------------------------------------------
2026-04-10 11:36:59,724 [INFO]   rgb           0.6085  0.8637  0.7602  0.15
2026-04-10 11:36:59,731 [INFO]   wav           0.5128  0.8637  0.7601  0.10
2026-04-10 11:36:59,737 [INFO]   lm            0.5082  0.8637  0.7601  0.10
2026-04-10 11:36:59,744 [INFO]   rgb_wav       0.6086  0.8637  0.7602  0.15
2026-04-10 11:36:59,751 [INFO]   rgb_lm        0.6108  0.8638  0.7602  0.15
2026-04-10 11:36:59,758 [INFO]   wav_lm        0.5107  0.8637  0.7601  0.10
2026-04-10 11:36:59,765 [INFO]   all           0.6131  0.8638  0.7603  0.15  ★ MAIN
2026-04-10 11:36:59,772 [INFO]   aux_lf        0.5143  0.8637  0.7601  0.10  (aux)
2026-04-10 11:36:59,779 [INFO]   aux_hf        0.5150  0.8637  0.7601  0.10  (aux)
2026-04-10 11:36:59,779 [INFO] ==============================================================
2026-04-10 11:37:00,969 [INFO] 저장 완료: ./checkpoints\final_20260409_181851
