2026-04-15 11:51:27,808 [INFO] CLIP ViT-B/16 사용 가능
2026-04-15 11:51:27,837 [INFO] GPU 1개 감지
2026-04-15 11:51:27,837 [INFO] Mixed precision compatibility check (mixed_float16): OK
Your GPU will likely run quickly with dtype policy mixed_float16 as it has compute capability of at least 7.0. Your GPU: NVIDIA GeForce RTX 4060, compute capability 8.9
2026-04-15 11:51:27,837 [INFO] compute dtype: float16
2026-04-15 11:51:28,249 [INFO] ============================================================
2026-04-15 11:51:28,249 [INFO] STEP 1: Train 데이터 수집
2026-04-15 11:51:31,646 [INFO] [ffpp] real=40,844  fake=56,440
2026-04-15 11:51:32,645 [INFO] [dff] real=8,054  fake=21,749
2026-04-15 11:51:39,130 [INFO] [hidf] real=74,850  fake=120,318
2026-04-15 11:51:39,181 [INFO] 전체: real=123,748  fake=198,507  total=322,255
2026-04-15 11:51:39,182 [INFO] ============================================================
2026-04-15 11:51:39,182 [INFO] STEP 2: 영상 ID 단위 분할
2026-04-15 11:51:41,146 [INFO] [train] real=86,625  fake=138,984  total=225,609
2026-04-15 11:51:41,155 [INFO] [val] real=12,164  fake=19,299  total=31,463
2026-04-15 11:51:41,170 [INFO] [test] real=24,959  fake=40,224  total=65,183
2026-04-15 11:51:41,175 [INFO] ============================================================
2026-04-15 11:51:41,175 [INFO] STEP 3: 클래스 불균형 처리 (Undersample)
2026-04-15 11:51:41,191 [INFO] 언더샘플: real=86,625  fake=86,625
2026-04-15 11:51:41,197 [INFO] ============================================================
2026-04-15 11:51:41,198 [INFO] STEP 4: External Test 데이터 수집
2026-04-15 11:51:48,067 [INFO] [celebdf] real=26,391  fake=184,454
2026-04-15 11:51:48,828 [INFO] [redface] real=7,411  fake=23,486
2026-04-15 11:51:48,866 [INFO] 전체: real=33,802  fake=207,940  total=241,742
2026-04-15 11:51:48,866 [INFO] ============================================================
2026-04-15 11:51:48,866 [INFO] STEP 5: tf.data 파이프라인 빌드
2026-04-15 11:51:50,411 [INFO] ============================================================
2026-04-15 11:51:50,411 [INFO] STEP 6: 모델 빌드 (7-Head + Cross-Attention)
2026-04-15 11:51:57,424 [INFO] Inner model params: 90,415,188
2026-04-15 11:51:57,424 [INFO] ============================================================
2026-04-15 11:51:57,424 [INFO] STEP 7: 컴파일
2026-04-15 11:51:57,430 [INFO] steps/epoch=10,828  total=541,400  warmup=54,140
2026-04-15 11:51:57,430 [INFO] 새 학습 시작
2026-04-15 11:51:57,430 [INFO] ============================================================
2026-04-15 11:51:57,430 [INFO] STEP 8: 학습 시작
2026-04-15 11:51:57,536 [INFO] 🔵 Phase 0: wav/lm 전용 워밍업 시작
2026-04-15 12:14:06,694 [INFO]   현재 Phase: 0
2026-04-15 12:14:06,696 [INFO] log_var | rgb=+0.000  wav=-0.324  lm=-0.324  rgb_wav=+0.000  rgb_lm=+0.000  wav_lm=-0.324  all=+0.000
2026-04-15 12:14:06,696 [INFO] eff_w   | rgb=0.859  wav=1.187  lm=1.188  rgb_wav=0.859  rgb_lm=0.859  wav_lm=1.188  all=0.859
2026-04-15 12:14:06,700 [INFO] Epoch   1 │ loss=0.8123  auc=0.4975  val_loss=0.5903  val_auc=0.4783  lr=6.00e-05
2026-04-15 12:35:52,249 [INFO]   현재 Phase: 0
2026-04-15 12:35:52,251 [INFO] log_var | rgb=+0.000  wav=-1.277  lm=-1.278  rgb_wav=+0.000  rgb_lm=+0.000  wav_lm=-1.278  all=+0.000
2026-04-15 12:35:52,251 [INFO] eff_w   | rgb=0.474  wav=1.701  lm=1.702  rgb_wav=0.474  rgb_lm=0.474  wav_lm=1.701  all=0.474
2026-04-15 12:35:52,252 [INFO] Epoch   2 │ loss=0.0116  auc=0.4885  val_loss=-0.5932  val_auc=0.4625  lr=1.20e-04
2026-04-15 12:57:45,868 [INFO]   현재 Phase: 0
2026-04-15 12:57:45,870 [INFO] log_var | rgb=+0.000  wav=-2.438  lm=-2.440  rgb_wav=+0.000  rgb_lm=+0.000  wav_lm=-2.440  all=+0.000
2026-04-15 12:57:45,870 [INFO] eff_w   | rgb=0.182  wav=2.088  lm=2.091  rgb_wav=0.182  rgb_lm=0.182  wav_lm=2.091  all=0.182
2026-04-15 12:57:45,870 [INFO] Epoch   3 │ loss=-1.1261  auc=0.4952  val_loss=-1.3982  val_auc=0.4803  lr=1.80e-04
2026-04-15 13:19:34,859 [INFO]   현재 Phase: 0
2026-04-15 13:19:34,861 [INFO] log_var | rgb=+0.000  wav=-2.444  lm=-2.447  rgb_wav=+0.000  rgb_lm=+0.000  wav_lm=-2.446  all=+0.000
2026-04-15 13:19:34,861 [INFO] eff_w   | rgb=0.181  wav=2.088  lm=2.094  rgb_wav=0.181  rgb_lm=0.181  wav_lm=2.093  all=0.181
2026-04-15 13:19:34,862 [INFO] Epoch   4 │ loss=-1.3928  auc=0.4949  val_loss=-1.3212  val_auc=0.5029  lr=2.40e-04
2026-04-15 13:41:20,408 [INFO]   현재 Phase: 0
2026-04-15 13:41:20,410 [INFO] log_var | rgb=+0.000  wav=-2.442  lm=-2.446  rgb_wav=+0.000  rgb_lm=+0.000  wav_lm=-2.444  all=+0.000
2026-04-15 13:41:20,410 [INFO] eff_w   | rgb=0.182  wav=2.087  lm=2.096  rgb_wav=0.182  rgb_lm=0.182  wav_lm=2.092  all=0.182
2026-04-15 13:41:20,410 [INFO] Epoch   5 │ loss=-1.3514  auc=0.4907  val_loss=-1.3011  val_auc=0.4593  lr=3.00e-04
2026-04-15 13:41:20,452 [INFO] 🟡 Phase 1: Joint 학습 시작 (Epoch 5)
2026-04-15 14:03:11,126 [INFO]   현재 Phase: 1
2026-04-15 14:03:11,128 [INFO] log_var | rgb=-2.635  wav=-2.446  lm=-2.450  rgb_wav=-2.639  rgb_lm=-2.641  wav_lm=-2.448  all=-2.634
2026-04-15 14:03:11,128 [INFO] eff_w   | rgb=1.078  wav=0.892  lm=0.895  rgb_wav=1.082  rgb_lm=1.084  wav_lm=0.893  all=1.076
2026-04-15 14:03:11,129 [INFO] Epoch   6 │ loss=-4.5392  auc=0.7539  val_loss=-5.7588  val_auc=0.8794  lr=2.94e-04
2026-04-15 14:25:00,559 [INFO]   현재 Phase: 1
2026-04-15 14:25:00,561 [INFO] log_var | rgb=-2.688  wav=-2.447  lm=-2.450  rgb_wav=-2.689  rgb_lm=-2.691  wav_lm=-2.450  all=-2.683
2026-04-15 14:25:00,561 [INFO] eff_w   | rgb=1.101  wav=0.865  lm=0.867  rgb_wav=1.102  rgb_lm=1.104  wav_lm=0.867  all=1.095
2026-04-15 14:25:00,562 [INFO] Epoch   7 │ loss=-5.4423  auc=0.7996  val_loss=-5.5421  val_auc=0.8899  lr=2.90e-04
2026-04-15 14:47:20,618 [INFO]   현재 Phase: 1
2026-04-15 14:47:20,620 [INFO] log_var | rgb=-2.716  wav=-2.444  lm=-2.451  rgb_wav=-2.717  rgb_lm=-2.719  wav_lm=-2.450  all=-2.710
2026-04-15 14:47:20,620 [INFO] eff_w   | rgb=1.112  wav=0.847  lm=0.854  rgb_wav=1.113  rgb_lm=1.116  wav_lm=0.852  all=1.106
2026-04-15 14:47:20,621 [INFO] Epoch   8 │ loss=-5.5099  auc=0.8165  val_loss=-5.5669  val_auc=0.8934  lr=2.86e-04
2026-04-15 15:09:11,765 [INFO]   현재 Phase: 1
2026-04-15 15:09:11,767 [INFO] log_var | rgb=-2.737  wav=-2.447  lm=-2.450  rgb_wav=-2.742  rgb_lm=-2.741  wav_lm=-2.449  all=-2.730
2026-04-15 15:09:11,767 [INFO] eff_w   | rgb=1.120  wav=0.838  lm=0.840  rgb_wav=1.126  rgb_lm=1.124  wav_lm=0.839  all=1.112
2026-04-15 15:09:11,768 [INFO] Epoch   9 │ loss=-5.5630  auc=0.8281  val_loss=-5.8012  val_auc=0.9051  lr=2.81e-04
2026-04-15 15:30:58,164 [INFO]   현재 Phase: 1
2026-04-15 15:30:58,165 [INFO] log_var | rgb=-2.753  wav=-2.444  lm=-2.450  rgb_wav=-2.761  rgb_lm=-2.757  wav_lm=-2.450  all=-2.748
2026-04-15 15:30:58,165 [INFO] eff_w   | rgb=1.126  wav=0.826  lm=0.831  rgb_wav=1.134  rgb_lm=1.130  wav_lm=0.831  all=1.121
2026-04-15 15:30:58,167 [INFO] Epoch  10 │ loss=-5.6005  auc=0.8355  val_loss=-5.7578  val_auc=0.8983  lr=2.75e-04
2026-04-15 15:30:58,207 [INFO] 🟢 Phase 2: CLIP Unfreeze 준비 (Epoch 10)
2026-04-15 15:30:58,216 [INFO] Epoch 10: backbone unfreeze | lr 2.75e-04 → 2.75e-06 
2026-04-15 15:52:50,541 [INFO]   현재 Phase: 2
2026-04-15 15:52:50,542 [INFO] log_var | rgb=-2.763  wav=-2.445  lm=-2.455  rgb_wav=-2.771  rgb_lm=-2.770  wav_lm=-2.455  all=-2.760
2026-04-15 15:52:50,542 [INFO] eff_w   | rgb=1.128  wav=0.820  lm=0.828  rgb_wav=1.136  rgb_lm=1.135  wav_lm=0.829  all=1.124
2026-04-15 15:52:50,544 [INFO] Epoch  11 │ loss=-5.6276  auc=0.8415  val_loss=-5.7177  val_auc=0.8983  lr=2.40e-06
2026-04-15 16:14:39,275 [INFO]   현재 Phase: 2
2026-04-15 16:14:39,277 [INFO] log_var | rgb=-2.774  wav=-2.445  lm=-2.452  rgb_wav=-2.781  rgb_lm=-2.780  wav_lm=-2.453  all=-2.753
2026-04-15 16:14:39,277 [INFO] eff_w   | rgb=1.136  wav=0.817  lm=0.823  rgb_wav=1.144  rgb_lm=1.143  wav_lm=0.824  all=1.112
2026-04-15 16:14:39,277 [INFO] Epoch  12 │ loss=-5.6506  auc=0.8439  val_loss=-5.9370  val_auc=0.8875  lr=2.32e-06
2026-04-15 16:36:28,164 [INFO]   현재 Phase: 2
2026-04-15 16:36:28,166 [INFO] log_var | rgb=-2.788  wav=-2.448  lm=-2.451  rgb_wav=-2.789  rgb_lm=-2.793  wav_lm=-2.451  all=-2.773
2026-04-15 16:36:28,166 [INFO] eff_w   | rgb=1.141  wav=0.812  lm=0.815  rgb_wav=1.143  rgb_lm=1.148  wav_lm=0.815  all=1.125
2026-04-15 16:36:28,167 [INFO] Epoch  13 │ loss=-5.6736  auc=0.8480  val_loss=-5.4565  val_auc=0.9000  lr=2.24e-06
2026-04-15 16:58:17,549 [INFO]   현재 Phase: 2
2026-04-15 16:58:17,551 [INFO] log_var | rgb=-2.791  wav=-2.446  lm=-2.452  rgb_wav=-2.792  rgb_lm=-2.795  wav_lm=-2.451  all=-2.781
2026-04-15 16:58:17,551 [INFO] eff_w   | rgb=1.143  wav=0.809  lm=0.814  rgb_wav=1.143  rgb_lm=1.147  wav_lm=0.813  all=1.131
2026-04-15 16:58:17,552 [INFO] Epoch  14 │ loss=nan  auc=0.8523  val_loss=nan  val_auc=0.8990  lr=2.15e-06
2026-04-15 17:20:04,728 [INFO]   현재 Phase: 2
2026-04-15 17:20:04,729 [INFO] log_var | rgb=-2.792  wav=-2.446  lm=-2.453  rgb_wav=-2.793  rgb_lm=-2.805  wav_lm=-2.453  all=-2.777
2026-04-15 17:20:04,729 [INFO] eff_w   | rgb=1.142  wav=0.807  lm=0.813  rgb_wav=1.143  rgb_lm=1.156  wav_lm=0.813  all=1.125
2026-04-15 17:20:04,730 [INFO] Epoch  15 │ loss=nan  auc=0.8516  val_loss=nan  val_auc=0.8995  lr=2.06e-06
2026-04-15 17:41:20,998 [INFO]   현재 Phase: 2
2026-04-15 17:41:20,999 [INFO] log_var | rgb=-2.810  wav=-2.447  lm=-2.456  rgb_wav=-2.807  rgb_lm=-2.816  wav_lm=-2.458  all=-2.799
2026-04-15 17:41:20,999 [INFO] eff_w   | rgb=1.149  wav=0.799  lm=0.807  rgb_wav=1.146  rgb_lm=1.156  wav_lm=0.808  all=1.136
2026-04-15 17:41:21,000 [INFO] Epoch  16 │ loss=nan  auc=0.8590  val_loss=nan  val_auc=0.9027  lr=1.96e-06
2026-04-15 18:00:59,623 [INFO]   현재 Phase: 2
2026-04-15 18:00:59,625 [INFO] log_var | rgb=-2.810  wav=-2.447  lm=-2.456  rgb_wav=-2.807  rgb_lm=-2.816  wav_lm=-2.458  all=-2.799
2026-04-15 18:00:59,625 [INFO] eff_w   | rgb=1.149  wav=0.799  lm=0.807  rgb_wav=1.146  rgb_lm=1.156  wav_lm=0.808  all=1.136
2026-04-15 18:00:59,626 [INFO] Epoch  17 │ loss=nan  auc=0.8686  val_loss=nan  val_auc=0.9027  lr=1.86e-06
2026-04-15 18:20:38,318 [INFO]   현재 Phase: 2
2026-04-15 18:20:38,319 [INFO] log_var | rgb=-2.810  wav=-2.447  lm=-2.456  rgb_wav=-2.807  rgb_lm=-2.816  wav_lm=-2.458  all=-2.799
2026-04-15 18:20:38,320 [INFO] eff_w   | rgb=1.149  wav=0.799  lm=0.807  rgb_wav=1.146  rgb_lm=1.156  wav_lm=0.808  all=1.136
2026-04-15 18:20:38,320 [INFO] Epoch  18 │ loss=nan  auc=0.8680  val_loss=nan  val_auc=0.9028  lr=1.75e-06
2026-04-15 18:40:14,339 [INFO]   현재 Phase: 2
2026-04-15 18:40:14,341 [INFO] log_var | rgb=-2.810  wav=-2.447  lm=-2.456  rgb_wav=-2.807  rgb_lm=-2.816  wav_lm=-2.458  all=-2.799
2026-04-15 18:40:14,341 [INFO] eff_w   | rgb=1.149  wav=0.799  lm=0.807  rgb_wav=1.146  rgb_lm=1.156  wav_lm=0.808  all=1.136
2026-04-15 18:40:14,342 [INFO] Epoch  19 │ loss=nan  auc=0.8698  val_loss=nan  val_auc=0.9027  lr=1.64e-06
2026-04-15 18:59:51,271 [INFO]   현재 Phase: 2
2026-04-15 18:59:51,273 [INFO] log_var | rgb=-2.810  wav=-2.447  lm=-2.456  rgb_wav=-2.807  rgb_lm=-2.816  wav_lm=-2.458  all=-2.799
2026-04-15 18:59:51,273 [INFO] eff_w   | rgb=1.149  wav=0.799  lm=0.807  rgb_wav=1.146  rgb_lm=1.156  wav_lm=0.808  all=1.136
2026-04-15 18:59:51,273 [INFO] Epoch  20 │ loss=nan  auc=0.8681  val_loss=nan  val_auc=0.9027  lr=1.54e-06
2026-04-15 19:19:28,147 [INFO]   현재 Phase: 2
2026-04-15 19:19:28,149 [INFO] log_var | rgb=-2.810  wav=-2.447  lm=-2.456  rgb_wav=-2.807  rgb_lm=-2.816  wav_lm=-2.458  all=-2.799
2026-04-15 19:19:28,149 [INFO] eff_w   | rgb=1.149  wav=0.799  lm=0.807  rgb_wav=1.146  rgb_lm=1.156  wav_lm=0.808  all=1.136
2026-04-15 19:19:28,150 [INFO] Epoch  21 │ loss=nan  auc=0.8690  val_loss=nan  val_auc=0.9027  lr=1.43e-06
2026-04-15 19:39:07,396 [INFO]   현재 Phase: 2
2026-04-15 19:39:07,398 [INFO] log_var | rgb=-2.810  wav=-2.447  lm=-2.456  rgb_wav=-2.807  rgb_lm=-2.816  wav_lm=-2.458  all=-2.799
2026-04-15 19:39:07,398 [INFO] eff_w   | rgb=1.149  wav=0.799  lm=0.807  rgb_wav=1.146  rgb_lm=1.156  wav_lm=0.808  all=1.136
2026-04-15 19:39:07,399 [INFO] Epoch  22 │ loss=nan  auc=0.8689  val_loss=nan  val_auc=0.9027  lr=1.32e-06
2026-04-15 19:58:44,070 [INFO]   현재 Phase: 2
2026-04-15 19:58:44,072 [INFO] log_var | rgb=-2.810  wav=-2.447  lm=-2.456  rgb_wav=-2.807  rgb_lm=-2.816  wav_lm=-2.458  all=-2.799
2026-04-15 19:58:44,072 [INFO] eff_w   | rgb=1.149  wav=0.799  lm=0.807  rgb_wav=1.146  rgb_lm=1.156  wav_lm=0.808  all=1.136
2026-04-15 19:58:44,072 [INFO] Epoch  23 │ loss=nan  auc=0.8684  val_loss=nan  val_auc=0.9028  lr=1.21e-06
2026-04-15 20:18:22,673 [INFO]   현재 Phase: 2
2026-04-15 20:18:22,675 [INFO] log_var | rgb=-2.810  wav=-2.447  lm=-2.456  rgb_wav=-2.807  rgb_lm=-2.816  wav_lm=-2.458  all=-2.799
2026-04-15 20:18:22,675 [INFO] eff_w   | rgb=1.149  wav=0.799  lm=0.807  rgb_wav=1.146  rgb_lm=1.156  wav_lm=0.808  all=1.136
2026-04-15 20:18:22,676 [INFO] Epoch  24 │ loss=nan  auc=0.8676  val_loss=nan  val_auc=0.9027  lr=1.10e-06
2026-04-15 20:38:00,710 [INFO]   현재 Phase: 2
2026-04-15 20:38:00,711 [INFO] log_var | rgb=-2.810  wav=-2.447  lm=-2.456  rgb_wav=-2.807  rgb_lm=-2.816  wav_lm=-2.458  all=-2.799
2026-04-15 20:38:00,711 [INFO] eff_w   | rgb=1.149  wav=0.799  lm=0.807  rgb_wav=1.146  rgb_lm=1.156  wav_lm=0.808  all=1.136
2026-04-15 20:38:00,712 [INFO] Epoch  25 │ loss=nan  auc=0.8687  val_loss=nan  val_auc=0.9027  lr=9.95e-07
2026-04-15 20:57:39,120 [INFO]   현재 Phase: 2
2026-04-15 20:57:39,122 [INFO] log_var | rgb=-2.810  wav=-2.447  lm=-2.456  rgb_wav=-2.807  rgb_lm=-2.816  wav_lm=-2.458  all=-2.799
2026-04-15 20:57:39,122 [INFO] eff_w   | rgb=1.149  wav=0.799  lm=0.807  rgb_wav=1.146  rgb_lm=1.156  wav_lm=0.808  all=1.136
2026-04-15 20:57:39,122 [INFO] Epoch  26 │ loss=nan  auc=0.8681  val_loss=nan  val_auc=0.9028  lr=8.93e-07
2026-04-15 21:17:17,320 [INFO]   현재 Phase: 2
2026-04-15 21:17:17,321 [INFO] log_var | rgb=-2.810  wav=-2.447  lm=-2.456  rgb_wav=-2.807  rgb_lm=-2.816  wav_lm=-2.458  all=-2.799
2026-04-15 21:17:17,321 [INFO] eff_w   | rgb=1.149  wav=0.799  lm=0.807  rgb_wav=1.146  rgb_lm=1.156  wav_lm=0.808  all=1.136
2026-04-15 21:17:17,322 [INFO] Epoch  27 │ loss=nan  auc=0.8683  val_loss=nan  val_auc=0.9027  lr=7.95e-07
2026-04-15 21:36:53,352 [INFO]   현재 Phase: 2
2026-04-15 21:36:53,353 [INFO] log_var | rgb=-2.810  wav=-2.447  lm=-2.456  rgb_wav=-2.807  rgb_lm=-2.816  wav_lm=-2.458  all=-2.799
2026-04-15 21:36:53,353 [INFO] eff_w   | rgb=1.149  wav=0.799  lm=0.807  rgb_wav=1.146  rgb_lm=1.156  wav_lm=0.808  all=1.136
2026-04-15 21:36:53,354 [INFO] Epoch  28 │ loss=nan  auc=0.8676  val_loss=nan  val_auc=0.9027  lr=7.01e-07
2026-04-15 21:59:35,291 [INFO]   현재 Phase: 2
2026-04-15 21:59:35,294 [INFO] log_var | rgb=-2.810  wav=-2.447  lm=-2.456  rgb_wav=-2.807  rgb_lm=-2.816  wav_lm=-2.458  all=-2.799
2026-04-15 21:59:35,294 [INFO] eff_w   | rgb=1.149  wav=0.799  lm=0.807  rgb_wav=1.146  rgb_lm=1.156  wav_lm=0.808  all=1.136
2026-04-15 21:59:35,296 [INFO] Epoch  29 │ loss=nan  auc=0.8679  val_loss=nan  val_auc=0.9027  lr=6.11e-07
2026-04-15 22:24:05,510 [INFO]   현재 Phase: 2
2026-04-15 22:24:05,514 [INFO] log_var | rgb=-2.810  wav=-2.447  lm=-2.456  rgb_wav=-2.807  rgb_lm=-2.816  wav_lm=-2.458  all=-2.799
2026-04-15 22:24:05,514 [INFO] eff_w   | rgb=1.149  wav=0.799  lm=0.807  rgb_wav=1.146  rgb_lm=1.156  wav_lm=0.808  all=1.136
2026-04-15 22:24:05,515 [INFO] Epoch  30 │ loss=nan  auc=0.8686  val_loss=nan  val_auc=0.9027  lr=5.28e-07
2026-04-15 22:48:38,064 [INFO]   현재 Phase: 2
2026-04-15 22:48:38,067 [INFO] log_var | rgb=-2.810  wav=-2.447  lm=-2.456  rgb_wav=-2.807  rgb_lm=-2.816  wav_lm=-2.458  all=-2.799
2026-04-15 22:48:38,067 [INFO] eff_w   | rgb=1.149  wav=0.799  lm=0.807  rgb_wav=1.146  rgb_lm=1.156  wav_lm=0.808  all=1.136
2026-04-15 22:48:38,069 [INFO] Epoch  31 │ loss=nan  auc=0.8676  val_loss=nan  val_auc=0.9027  lr=4.50e-07
2026-04-15 23:12:48,955 [INFO]   현재 Phase: 2
2026-04-15 23:12:48,960 [INFO] log_var | rgb=-2.810  wav=-2.447  lm=-2.456  rgb_wav=-2.807  rgb_lm=-2.816  wav_lm=-2.458  all=-2.799
2026-04-15 23:12:48,960 [INFO] eff_w   | rgb=1.149  wav=0.799  lm=0.807  rgb_wav=1.146  rgb_lm=1.156  wav_lm=0.808  all=1.136
2026-04-15 23:12:48,961 [INFO] Epoch  32 │ loss=nan  auc=0.8682  val_loss=nan  val_auc=0.9027  lr=3.80e-07
2026-04-15 23:37:13,760 [INFO]   현재 Phase: 2
2026-04-15 23:37:13,762 [INFO] log_var | rgb=-2.810  wav=-2.447  lm=-2.456  rgb_wav=-2.807  rgb_lm=-2.816  wav_lm=-2.458  all=-2.799
2026-04-15 23:37:13,762 [INFO] eff_w   | rgb=1.149  wav=0.799  lm=0.807  rgb_wav=1.146  rgb_lm=1.156  wav_lm=0.808  all=1.136
2026-04-15 23:37:13,764 [INFO] Epoch  33 │ loss=nan  auc=0.8682  val_loss=nan  val_auc=0.9027  lr=3.16e-07
2026-04-15 23:58:11,184 [INFO]   현재 Phase: 1
2026-04-15 23:58:11,186 [INFO] log_var | rgb=-2.737  wav=-2.447  lm=-2.450  rgb_wav=-2.742  rgb_lm=-2.741  wav_lm=-2.449  all=-2.730
2026-04-15 23:58:11,186 [INFO] eff_w   | rgb=1.120  wav=0.838  lm=0.840  rgb_wav=1.126  rgb_lm=1.124  wav_lm=0.839  all=1.112
2026-04-15 23:58:11,187 [INFO] Epoch  34 │ loss=nan  auc=0.8675  val_loss=nan  val_auc=0.9027  lr=2.60e-07
2026-04-15 23:58:11,204 [INFO] 학습 완료 — 12.10h
2026-04-15 23:58:11,204 [INFO] ============================================================
2026-04-15 23:58:11,204 [INFO] STEP 9: 최종 평가
2026-04-16 01:39:51,715 [INFO] 
==============================================================
2026-04-16 01:39:51,715 [INFO]   [Internal (FF++/DFF/HIDF)]  Ablation Table  (TTA x8)
2026-04-16 01:39:51,715 [INFO] ==============================================================
2026-04-16 01:39:51,715 [INFO]   Head             AUC      F1     ACC    Thr
2026-04-16 01:39:51,715 [INFO]   ----------------------------------------------
2026-04-16 01:39:51,737 [INFO]   rgb           0.8966  0.8577  0.8130  0.30
2026-04-16 01:39:51,746 [INFO]   wav           0.5000  0.7632  0.6171  0.10
2026-04-16 01:39:51,755 [INFO]   lm            0.5492  0.7632  0.6171  0.10
2026-04-16 01:39:51,764 [INFO]   rgb_wav       0.8990  0.8592  0.8116  0.35
2026-04-16 01:39:51,771 [INFO]   rgb_lm        0.8993  0.8599  0.8146  0.35
2026-04-16 01:39:51,781 [INFO]   wav_lm        0.5485  0.7632  0.6171  0.10
2026-04-16 01:39:51,790 [INFO]   all           0.8982  0.8590  0.8145  0.35  ★ MAIN
2026-04-16 01:39:51,800 [INFO]   aux_lf        0.5000  0.7632  0.6171  0.10  (aux)
2026-04-16 01:39:51,808 [INFO]   aux_hf        0.5000  0.7632  0.6171  0.10  (aux)
2026-04-16 01:39:51,809 [INFO] ==============================================================
2026-04-16 01:39:59,905 [INFO] [celebdf] real=26,391  fake=184,454
2026-04-16 01:39:59,939 [INFO] 전체: real=26,391  fake=184,454  total=210,845
2026-04-16 07:08:57,050 [INFO] 
==============================================================
2026-04-16 07:08:57,050 [INFO]   [External [celebdf]]  Ablation Table  (TTA x8)
2026-04-16 07:08:57,050 [INFO] ==============================================================
2026-04-16 07:08:57,050 [INFO]   Head             AUC      F1     ACC    Thr
2026-04-16 07:08:57,050 [INFO]   ----------------------------------------------
2026-04-16 07:08:57,073 [INFO]   rgb           0.7147  0.9355  0.8805  0.25
2026-04-16 07:08:57,091 [INFO]   wav           0.5000  0.9332  0.8748  0.10
2026-04-16 07:08:57,109 [INFO]   lm            0.5377  0.9332  0.8748  0.10
2026-04-16 07:08:57,127 [INFO]   rgb_wav       0.7111  0.9360  0.8809  0.30
2026-04-16 07:08:57,146 [INFO]   rgb_lm        0.7088  0.9358  0.8807  0.30
2026-04-16 07:08:57,163 [INFO]   wav_lm        0.5373  0.9332  0.8748  0.10
2026-04-16 07:08:57,181 [INFO]   all           0.7043  0.9363  0.8817  0.30  ★ MAIN
2026-04-16 07:08:57,197 [INFO]   aux_lf        0.5000  0.9332  0.8748  0.10  (aux)
2026-04-16 07:08:57,213 [INFO]   aux_hf        0.5000  0.9332  0.8748  0.10  (aux)
2026-04-16 07:08:57,213 [INFO] ==============================================================
2026-04-16 07:08:59,483 [INFO] [redface] real=7,411  fake=23,486
2026-04-16 07:08:59,488 [INFO] 전체: real=7,411  fake=23,486  total=30,897
2026-04-16 07:57:15,620 [INFO] 
==============================================================
2026-04-16 07:57:15,620 [INFO]   [External [redface]]  Ablation Table  (TTA x8)
2026-04-16 07:57:15,620 [INFO] ==============================================================
2026-04-16 07:57:15,620 [INFO]   Head             AUC      F1     ACC    Thr
2026-04-16 07:57:15,620 [INFO]   ----------------------------------------------
2026-04-16 07:57:15,631 [INFO]   rgb           0.5749  0.8637  0.7601  0.10
2026-04-16 07:57:15,639 [INFO]   wav           0.5000  0.8637  0.7601  0.10
2026-04-16 07:57:15,645 [INFO]   lm            0.5196  0.8637  0.7601  0.10
2026-04-16 07:57:15,653 [INFO]   rgb_wav       0.5757  0.8637  0.7601  0.10
2026-04-16 07:57:15,659 [INFO]   rgb_lm        0.5775  0.8637  0.7601  0.10
2026-04-16 07:57:15,666 [INFO]   wav_lm        0.5183  0.8637  0.7601  0.10
2026-04-16 07:57:15,672 [INFO]   all           0.5754  0.8637  0.7601  0.10  ★ MAIN
2026-04-16 07:57:15,679 [INFO]   aux_lf        0.5000  0.8637  0.7601  0.10  (aux)
2026-04-16 07:57:15,685 [INFO]   aux_hf        0.5000  0.8637  0.7601  0.10  (aux)
2026-04-16 07:57:15,685 [INFO] ==============================================================
2026-04-16 07:57:17,366 [INFO] 저장 완료: ./checkpoints\final_20260415_115124
