2026-04-07 13:24:57,825 [INFO] CLIP ViT-B/16 사용 가능
2026-04-07 13:24:57,873 [INFO] GPU 1개 감지
2026-04-07 13:24:57,874 [INFO] Mixed precision compatibility check (mixed_float16): OK
Your GPU will likely run quickly with dtype policy mixed_float16 as it has compute capability of at least 7.0. Your GPU: NVIDIA GeForce RTX 4060, compute capability 8.9
2026-04-07 13:24:57,874 [INFO] compute dtype: float16
2026-04-07 13:24:58,322 [INFO] ============================================================
2026-04-07 13:24:58,322 [INFO] STEP 1: Train 데이터 수집
2026-04-07 13:25:01,348 [INFO] [ffpp] real=40,844  fake=50,236
2026-04-07 13:25:02,464 [INFO] [dff] real=8,054  fake=21,749
2026-04-07 13:25:08,396 [INFO] [hidf] real=74,850  fake=107,042
2026-04-07 13:25:08,446 [INFO] 전체: real=123,748  fake=179,027  total=302,775
2026-04-07 13:25:08,446 [INFO] ============================================================
2026-04-07 13:25:08,446 [INFO] STEP 2: 영상 ID 단위 분할
2026-04-07 13:25:11,637 [INFO] [train] real=85,769  fake=125,477  total=211,246
2026-04-07 13:25:11,653 [INFO] [val] real=12,955  fake=17,441  total=30,396
2026-04-07 13:25:11,681 [INFO] [test] real=25,024  fake=36,109  total=61,133
2026-04-07 13:25:11,685 [INFO] ============================================================
2026-04-07 13:25:11,685 [INFO] STEP 3: 클래스 불균형 처리 (Undersample)
2026-04-07 13:25:11,715 [INFO] 언더샘플: real=85,769  fake=85,769
2026-04-07 13:25:11,726 [INFO] ============================================================
2026-04-07 13:25:11,726 [INFO] STEP 4: External Test 데이터 수집
2026-04-07 13:25:19,348 [INFO] [celebdf] real=26,391  fake=181,219
2026-04-07 13:25:20,392 [INFO] [redface] real=7,411  fake=21,670
2026-04-07 13:25:20,430 [INFO] 전체: real=33,802  fake=202,889  total=236,691
2026-04-07 13:25:20,430 [INFO] ============================================================
2026-04-07 13:25:20,430 [INFO] STEP 5: tf.data 파이프라인 빌드
2026-04-07 13:25:22,002 [INFO] ============================================================
2026-04-07 13:25:22,002 [INFO] STEP 6: 모델 빌드 (7-Head + Cross-Attention)
