2026-04-10 18:00:02,217 [INFO] CLIP ViT-B/16 사용 가능
2026-04-10 18:00:02,292 [INFO] GPU 1개 감지
2026-04-10 18:00:02,292 [INFO] Mixed precision compatibility check (mixed_float16): OK
Your GPU will likely run quickly with dtype policy mixed_float16 as it has compute capability of at least 7.0. Your GPU: NVIDIA GeForce RTX 4060, compute capability 8.9
2026-04-10 18:00:02,292 [INFO] compute dtype: float16
2026-04-10 18:00:02,700 [INFO] ============================================================
2026-04-10 18:00:02,700 [INFO] STEP 1: Train 데이터 수집
2026-04-10 18:00:06,301 [INFO] [ffpp] real=40,844  fake=56,440
2026-04-10 18:00:07,310 [INFO] [dff] real=8,054  fake=21,749
2026-04-10 18:00:14,182 [INFO] [hidf] real=74,850  fake=120,318
2026-04-10 18:00:14,230 [INFO] 전체: real=123,748  fake=198,507  total=322,255
2026-04-10 18:00:14,231 [INFO] ============================================================
2026-04-10 18:00:14,231 [INFO] STEP 2: 영상 ID 단위 분할
2026-04-10 18:00:16,238 [INFO] [train] real=86,625  fake=138,984  total=225,609
2026-04-10 18:00:16,249 [INFO] [val] real=12,164  fake=19,299  total=31,463
2026-04-10 18:00:16,265 [INFO] [test] real=24,959  fake=40,224  total=65,183
2026-04-10 18:00:16,270 [INFO] ============================================================
2026-04-10 18:00:16,270 [INFO] STEP 3: 클래스 불균형 처리 (Undersample)
2026-04-10 18:00:16,286 [INFO] 언더샘플: real=86,625  fake=86,625
2026-04-10 18:00:16,293 [INFO] ============================================================
2026-04-10 18:00:16,293 [INFO] STEP 4: External Test 데이터 수집
2026-04-10 18:00:22,505 [INFO] [celebdf] real=26,391  fake=184,454
2026-04-10 18:00:23,289 [INFO] [redface] real=7,411  fake=23,486
2026-04-10 18:00:23,327 [INFO] 전체: real=33,802  fake=207,940  total=241,742
2026-04-10 18:00:23,327 [INFO] ============================================================
2026-04-10 18:00:23,327 [INFO] STEP 5: tf.data 파이프라인 빌드
2026-04-10 18:00:24,955 [INFO] ============================================================
2026-04-10 18:00:24,955 [INFO] STEP 6: 모델 빌드 (7-Head + Cross-Attention)
2026-04-10 18:00:32,434 [INFO] Inner model params: 90,415,188
2026-04-10 18:00:32,434 [INFO] ============================================================
2026-04-10 18:00:32,434 [INFO] STEP 7: 컴파일
2026-04-10 18:00:32,434 [INFO] Resume 모드: lr_init 3.00e-04 → 1.50e-05
2026-04-10 18:00:32,440 [INFO] steps/epoch=10,828  total=541,400  warmup=54,140
2026-04-10 18:00:32,440 [INFO] 가중치 로드: ./checkpoints\best_epoch015_valauc0.9135  (best_auc=0.9135)
2026-04-10 18:00:33,980 [INFO] ✅ 가중치 로드 완료
2026-04-10 18:00:33,981 [INFO] Epoch 15부터 재개
2026-04-10 18:00:33,981 [INFO] ============================================================
2026-04-10 18:00:33,981 [INFO] STEP 8: 학습 시작
