2026-04-08 11:52:01,808 [INFO] CLIP ViT-B/16 사용 가능
2026-04-08 11:52:01,884 [INFO] GPU 1개 감지
2026-04-08 11:52:01,885 [INFO] Mixed precision compatibility check (mixed_float16): OK
Your GPU will likely run quickly with dtype policy mixed_float16 as it has compute capability of at least 7.0. Your GPU: NVIDIA GeForce RTX 4060, compute capability 8.9
2026-04-08 11:52:01,885 [INFO] compute dtype: float16
2026-04-08 11:52:02,409 [INFO] ============================================================
2026-04-08 11:52:02,409 [INFO] STEP 1: Train 데이터 수집
2026-04-08 11:52:09,009 [INFO] [ffpp] real=40,844  fake=56,440
2026-04-08 11:52:10,629 [INFO] [dff] real=8,054  fake=21,749
2026-04-08 11:52:17,820 [INFO] [hidf] real=74,850  fake=120,318
2026-04-08 11:52:17,872 [INFO] 전체: real=123,748  fake=198,507  total=322,255
2026-04-08 11:52:17,873 [INFO] ============================================================
2026-04-08 11:52:17,873 [INFO] STEP 2: 영상 ID 단위 분할
2026-04-08 11:52:19,858 [INFO] [train] real=86,625  fake=138,984  total=225,609
2026-04-08 11:52:19,868 [INFO] [val] real=12,164  fake=19,299  total=31,463
2026-04-08 11:52:19,884 [INFO] [test] real=24,959  fake=40,224  total=65,183
2026-04-08 11:52:19,889 [INFO] ============================================================
2026-04-08 11:52:19,889 [INFO] STEP 3: 클래스 불균형 처리 (Undersample)
2026-04-08 11:52:19,908 [INFO] 언더샘플: real=86,625  fake=86,625
2026-04-08 11:52:19,915 [INFO] ============================================================
2026-04-08 11:52:19,915 [INFO] STEP 4: External Test 데이터 수집
2026-04-08 11:52:28,269 [INFO] [celebdf] real=26,391  fake=184,454
2026-04-08 11:52:29,450 [INFO] [redface] real=7,411  fake=23,486
2026-04-08 11:52:29,487 [INFO] 전체: real=33,802  fake=207,940  total=241,742
2026-04-08 11:52:29,487 [INFO] ============================================================
2026-04-08 11:52:29,488 [INFO] STEP 5: tf.data 파이프라인 빌드
2026-04-08 11:52:31,037 [INFO] ============================================================
2026-04-08 11:52:31,038 [INFO] STEP 6: 모델 빌드 (7-Head + Cross-Attention)
2026-04-08 11:52:38,420 [INFO] Inner model params: 90,457,300
2026-04-08 11:52:38,420 [INFO] ============================================================
2026-04-08 11:52:38,420 [INFO] STEP 7: 컴파일
2026-04-08 11:52:38,420 [INFO] Resume 모드: lr_init 3.00e-04 → 1.50e-05
2026-04-08 11:52:38,426 [INFO] steps/epoch=10,828  total=541,400  warmup=54,140
2026-04-08 11:52:38,426 [INFO] 가중치 로드: ./checkpoints\best_epoch010_valauc0.9090  (best_auc=0.909)
2026-04-08 11:52:39,987 [INFO] ✅ 가중치 로드 완료
2026-04-08 11:52:39,987 [INFO] Epoch 10부터 재개
2026-04-08 11:52:39,987 [INFO] ============================================================
2026-04-08 11:52:39,987 [INFO] STEP 8: 학습 시작
2026-04-08 11:52:40,001 [INFO] EarlyStopping best 복원: 0.9090
2026-04-08 12:15:03,220 [INFO] Epoch 11 log_vars | rgb=-1.000  wav=-1.000  lm=-1.000  rgb_wav=-1.000  rgb_lm=-1.000  wav_lm=-1.000  all=-1.000
2026-04-08 12:15:03,225 [INFO] Epoch  11 │ loss=-2.8019  auc=0.8873  val_loss=-2.8214  val_auc=0.9127  lr=1.37e-05
2026-04-08 12:37:12,288 [INFO] Epoch 12 log_vars | rgb=-1.000  wav=-1.000  lm=-1.000  rgb_wav=-1.000  rgb_lm=-1.000  wav_lm=-1.000  all=-1.000
2026-04-08 12:37:12,289 [INFO] Epoch  12 │ loss=-2.8098  auc=0.8935  val_loss=-2.8221  val_auc=0.9131  lr=1.35e-05
2026-04-08 13:00:16,975 [INFO] Epoch 13 log_vars | rgb=-1.000  wav=-1.000  lm=-1.000  rgb_wav=-1.000  rgb_lm=-1.000  wav_lm=-1.000  all=-1.000
2026-04-08 13:00:16,976 [INFO] Epoch  13 │ loss=-2.8132  auc=0.8956  val_loss=-2.8264  val_auc=0.9134  lr=1.32e-05
